Archive member included to satisfy reference by file (symbol)

/home/ruan/ti/pdk_am335x_1_0_9/packages/ti/drv/gpio/test/led_blink/am335x/armv7/bios/src/sysbios/sysbios.aa8fg(arm_TaskSupport_asm_gnu.o)
                              /home/ruan/ti/pdk_am335x_1_0_9/packages/MyExampleProjects/GPIO_LedBlink_bbbAM335x_armTestProject/Debug/configPkg/package/cfg/am335x_app_bbbam335x_pa8fg.oa8fg (ti_sysbios_family_arm_TaskSupport_swap__E)
/home/ruan/ti/pdk_am335x_1_0_9/packages/ti/drv/gpio/test/led_blink/am335x/armv7/bios/src/sysbios/sysbios.aa8fg(a8_Cache_asm_gnu.o)
                              /home/ruan/ti/pdk_am335x_1_0_9/packages/MyExampleProjects/GPIO_LedBlink_bbbAM335x_armTestProject/Debug/configPkg/package/cfg/am335x_app_bbbam335x_pa8fg.oa8fg (ti_sysbios_family_arm_a8_Cache_wb__E)
/home/ruan/ti/pdk_am335x_1_0_9/packages/ti/drv/gpio/test/led_blink/am335x/armv7/bios/src/sysbios/sysbios.aa8fg(a8_TimestampProvider_asm_gnu.o)
                              /home/ruan/ti/pdk_am335x_1_0_9/packages/MyExampleProjects/GPIO_LedBlink_bbbAM335x_armTestProject/Debug/configPkg/package/cfg/am335x_app_bbbam335x_pa8fg.oa8fg (ti_sysbios_family_arm_a8_TimestampProvider_get32__E)
/home/ruan/ti/pdk_am335x_1_0_9/packages/ti/drv/gpio/test/led_blink/am335x/armv7/bios/src/sysbios/sysbios.aa8fg(intcps_Hwi_asm_gnu.o)
                              /home/ruan/ti/pdk_am335x_1_0_9/packages/MyExampleProjects/GPIO_LedBlink_bbbAM335x_armTestProject/Debug/configPkg/package/cfg/am335x_app_bbbam335x_pa8fg.oa8fg (ti_sysbios_family_arm_a8_intcps_Hwi_dispatchIRQ(int0_t))
/home/ruan/ti/pdk_am335x_1_0_9/packages/ti/drv/gpio/test/led_blink/am335x/armv7/bios/src/sysbios/sysbios.aa8fg(exc_Exception_asm_gnu.o)
                              /home/ruan/ti/pdk_am335x_1_0_9/packages/MyExampleProjects/GPIO_LedBlink_bbbAM335x_armTestProject/Debug/configPkg/package/cfg/am335x_app_bbbam335x_pa8fg.oa8fg (ti_sysbios_family_arm_exc_Exception_excHandlerAsm(int0_t))
/home/ruan/ti/pdk_am335x_1_0_9/packages/ti/drv/gpio/test/led_blink/am335x/armv7/bios/src/sysbios/sysbios.aa8fg(_BIOS.o)
                              /home/ruan/ti/pdk_am335x_1_0_9/packages/MyExampleProjects/GPIO_LedBlink_bbbAM335x_armTestProject/Debug/configPkg/package/cfg/am335x_app_bbbam335x_pa8fg.oa8fg (ti_sysbios_BIOS_linkedWithIncorrectBootLibrary__E)
/home/ruan/ti/pdk_am335x_1_0_9/packages/ti/drv/gpio/test/led_blink/am335x/armv7/bios/src/sysbios/sysbios.aa8fg(arm_IntrinsicsSupport.o)
                              /home/ruan/ti/pdk_am335x_1_0_9/packages/MyExampleProjects/GPIO_LedBlink_bbbAM335x_armTestProject/Debug/configPkg/package/cfg/am335x_app_bbbam335x_pa8fg.oa8fg (ti_sysbios_family_arm_IntrinsicsSupport_maxbit__E)
/home/ruan/ti/pdk_am335x_1_0_9/packages/ti/drv/gpio/test/led_blink/am335x/armv7/bios/src/sysbios/sysbios.aa8fg(arm_TaskSupport.o)
                              /home/ruan/ti/pdk_am335x_1_0_9/packages/MyExampleProjects/GPIO_LedBlink_bbbAM335x_armTestProject/Debug/configPkg/package/cfg/am335x_app_bbbam335x_pa8fg.oa8fg (ti_sysbios_family_arm_TaskSupport_start__E)
/home/ruan/ti/pdk_am335x_1_0_9/packages/ti/drv/gpio/test/led_blink/am335x/armv7/bios/src/sysbios/sysbios.aa8fg(knl_Clock.o)
                              /home/ruan/ti/pdk_am335x_1_0_9/packages/MyExampleProjects/GPIO_LedBlink_bbbAM335x_armTestProject/Debug/configPkg/package/cfg/am335x_app_bbbam335x_pa8fg.oa8fg (ti_sysbios_knl_Clock_Module_startup__E)
/home/ruan/ti/pdk_am335x_1_0_9/packages/ti/drv/gpio/test/led_blink/am335x/armv7/bios/src/sysbios/sysbios.aa8fg(knl_Queue.o)
                              /home/ruan/ti/pdk_am335x_1_0_9/packages/MyExampleProjects/GPIO_LedBlink_bbbAM335x_armTestProject/Debug/configPkg/package/cfg/am335x_app_bbbam335x_pa8fg.oa8fg (ti_sysbios_knl_Queue_Instance_init__E)
/home/ruan/ti/pdk_am335x_1_0_9/packages/ti/drv/gpio/test/led_blink/am335x/armv7/bios/src/sysbios/sysbios.aa8fg(knl_Semaphore.o)
                              /home/ruan/ti/pdk_am335x_1_0_9/packages/MyExampleProjects/GPIO_LedBlink_bbbAM335x_armTestProject/Debug/configPkg/package/cfg/am335x_app_bbbam335x_pa8fg.oa8fg (ti_sysbios_knl_Semaphore_Instance_init__E)
/home/ruan/ti/pdk_am335x_1_0_9/packages/ti/drv/gpio/test/led_blink/am335x/armv7/bios/src/sysbios/sysbios.aa8fg(knl_Swi.o)
                              /home/ruan/ti/pdk_am335x_1_0_9/packages/MyExampleProjects/GPIO_LedBlink_bbbAM335x_armTestProject/Debug/configPkg/package/cfg/am335x_app_bbbam335x_pa8fg.oa8fg (ti_sysbios_knl_Swi_Module_startup__E)
/home/ruan/ti/pdk_am335x_1_0_9/packages/ti/drv/gpio/test/led_blink/am335x/armv7/bios/src/sysbios/sysbios.aa8fg(knl_Task.o)
                              /home/ruan/ti/pdk_am335x_1_0_9/packages/MyExampleProjects/GPIO_LedBlink_bbbAM335x_armTestProject/Debug/configPkg/package/cfg/am335x_app_bbbam335x_pa8fg.oa8fg (ti_sysbios_knl_Task_Module_startup__E)
/home/ruan/ti/pdk_am335x_1_0_9/packages/ti/drv/gpio/test/led_blink/am335x/armv7/bios/src/sysbios/sysbios.aa8fg(hal_Core.o)
[...]
Memory Configuration

Name             Origin             Length             Attributes
SRAM_LO          0x00000000402f0000 0x0000000000000400 xrw
SRAM_HI          0x00000000402f0400 0x000000000000fc00 xrw
OCMC_SRAM        0x0000000040300000 0x0000000000010000 xrw
DDR3             0x0000000080000000 0x0000000020000000
*default*        0x0000000000000000 0xffffffffffffffff

Linker script and memory map

                0x000000000001c000                STACKSIZE = 0x1c000
                0x0000000000000400                HEAPSIZE = 0x400
LOAD ./GPIO_bbbAM335x_board.o
LOAD ./GPIO_log.o
LOAD ./GPIO_soc.o
LOAD ./I2C_soc.o
LOAD ./UART_soc.o
LOAD ./convert.o
LOAD ./ftoa.o
LOAD ./main_led_blink.o
                0x0000000000004000                __TI_STACK_SIZE = 0x4000
                0x0000000000004000                __STACK_SIZE = __TI_STACK_SIZE
                0x0000000000000000                __HEAP_SIZE = 0x0
LOAD /home/ruan/ti/pdk_am335x_1_0_9/packages/MyExampleProjects/GPIO_LedBlink_bbbAM335x_armTestProject/Debug/configPkg/package/cfg/am335x_app_bbbam335x_pa8fg.oa8fg
LOAD /home/ruan/ti/pdk_am335x_1_0_9/packages/ti/drv/gpio/test/led_blink/am335x/armv7/bios/src/sysbios/sysbios.aa8fg
LOAD /home/ruan/ti/pdk_am335x_1_0_9/packages/ti/drv/gpio/lib/a8/release/ti.drv.gpio.profiling.aa8fg
LOAD /home/ruan/ti/pdk_am335x_1_0_9/packages/ti/utils/profiling/lib/a8/release/ti.utils.profiling.aa8fg
LOAD /home/ruan/ti/pdk_am335x_1_0_9/packages/ti/board/lib/bbbAM335x/a8/release/ti.board.aa8fg
LOAD /home/ruan/ti/pdk_am335x_1_0_9/packages/ti/drv/i2c/lib/am335x/a8/release/ti.drv.i2c.aa8fg
LOAD /home/ruan/ti/pdk_am335x_1_0_9/packages/ti/drv/uart/lib/a8/release/ti.drv.uart.aa8fg
LOAD /home/ruan/ti/pdk_am335x_1_0_9/packages/ti/csl/lib/am335x/a8/release/ti.csl.aa8fg
LOAD /home/ruan/ti/pdk_am335x_1_0_9/packages/ti/osal/lib/tirtos/a8/release/ti.osal.aa8fg
LOAD /home/ruan/ti/bios_6_52_00_12/packages/gnu/targets/arm/rtsv7A/lib/gnu.targets.arm.rtsv7A.aa8fg
LOAD /home/ruan/ti/bios_6_52_00_12/packages/gnu/targets/arm/rtsv7A/lib/boot.aa8fg
LOAD /home/ruan/ti/bios_6_52_00_12/packages/gnu/targets/arm/rtsv7A/lib/syscalls.aa8fg
                0x0000000000000001                xdc_runtime_Startup__EXECFXN__C = 0x1
                0x0000000000000001                xdc_runtime_Startup__RESETFXN__C = 0x1
                0x0000000048200000                ti_sysbios_family_arm_a8_intcps_Hwi_intc = 0x48200000

.c_int00        0x0000000080000000       0xb4
 *(.c_int00)
 .c_int00       0x0000000080000000       0xb4 /home/ruan/ti/bios_6_52_00_12/packages/gnu/targets/arm/rtsv7A/lib/boot.aa8fg(boot.oa8fg)
                0x0000000080000000                _c_int00

.text           0x00000000800000c0    0x14a70
 CREATE_OBJECT_SYMBOLS
 *(.resetVecs)
 *(.text)
 .text          0x00000000800000c0        0x0 ./GPIO_bbbAM335x_board.o
 .text          0x00000000800000c0       0x34 ./GPIO_log.o
                0x00000000800000c0                ConsoleUtilsInit
 .text          0x00000000800000f4        0x0 ./GPIO_soc.o
 .text          0x00000000800000f4       0xf0 ./I2C_soc.o
                0x00000000800000f4                I2C_socGetInitCfg
                0x000000008000016c                I2C_socSetInitCfg
 .text          0x00000000800001e4       0xf8 ./UART_soc.o
                0x00000000800001e4                UART_socGetInitCfg
                0x0000000080000260                UART_socSetInitCfg
 .text          0x00000000800002dc        0x0 ./convert.o
 .text          0x00000000800002dc      0x214 ./ftoa.o
                0x00000000800002dc                reverse
                0x000000008000033c                intToStr
                0x0000000080000420                ftoa
 .text          0x00000000800004f0     0x17ec ./main_led_blink.o
                0x00000000800004f0                AppLoopDelay
                0x0000000080000554                convertValRegToFloat
                0x00000000800005c8                convertValRegToFloatGYRO
                0x0000000080000638                convertBinarioToDecimal
                0x0000000080000668                expNumber
                0x00000000800006b8                AppDelay
                0x00000000800006f8                gpio_test
                0x00000000800007a4                gpio_test0
                0x00000000800007fc                gpio_test1
                0x0000000080000854                gpio_test_0
                0x00000000800008a0                gpio_test_1
                0x00000000800008ec                myNewSwitch
                0x0000000080000a04                tskEICAS
                0x0000000080000a60                tskRNAV
                0x0000000080000abc                tskEW
                0x0000000080000b44                tskRADAR
                0x0000000080000bcc                isrFunc
                0x0000000080000c0c                swiFunc
                0x0000000080000d5c                swiCompensador
                0x0000000080000e44                swiUPDATESTATUS
                0x0000000080000e98                swiSENDSTATUS
                0x0000000080000eec                readSensor
                0x0000000080000f80                writeSensor
                0x000000008000100c                IMUSetUp
                0x00000000800010a4                readACCEL_X
                0x000000008000113c                readtest
                0x00000000800011a0                readACCEL_Y
                0x0000000080001238                readACCEL_Z
                0x00000000800012d0                readGYRO_X
                0x0000000080001368                readGYRO_Y
                0x0000000080001400                readGYRO_Z
                0x0000000080001498                tskCompensador
                0x0000000080001594                tskGetvalorReal
                0x0000000080001664                tskPLTdate
                0x000000008000193c                main
                0x0000000080001c8c                AppGpioCallbackFxn
 .text          0x0000000080001cdc        0x0 /home/ruan/ti/pdk_am335x_1_0_9/packages/MyExampleProjects/GPIO_LedBlink_bbbAM335x_armTestProject/Debug/configPkg/package/cfg/am335x_app_bbbam335x_pa8fg.oa8fg
 *fill*         0x0000000080001cdc        0x4 
 .text          0x0000000080001ce0        0x0 /home/ruan/ti/pdk_am335x_1_0_9/packages/ti/drv/gpio/test/led_blink/am335x/armv7/bios/src/sysbios/sysbios.aa8fg(arm_TaskSupport_asm_gnu.o)
 .text          0x0000000080001ce0        0x0 /home/ruan/ti/pdk_am335x_1_0_9/packages/ti/drv/gpio/test/led_blink/am335x/armv7/bios/src/sysbios/sysbios.aa8fg(a8_Cache_asm_gnu.o)
 .text          0x0000000080001ce0        0x0 /home/ruan/ti/pdk_am335x_1_0_9/packages/ti/drv/gpio/test/led_blink/am335x/armv7/bios/src/sysbios/sysbios.aa8fg(a8_TimestampProvider_asm_gnu.o)
 .text          0x0000000080001ce0        0x0 /home/ruan/ti/pdk_am335x_1_0_9/packages/ti/drv/gpio/test/led_blink/am335x/armv7/bios/src/sysbios/sysbios.aa8fg(intcps_Hwi_asm_gnu.o)
 .text          0x0000000080001ce0        0x0 /home/ruan/ti/pdk_am335x_1_0_9/packages/ti/drv/gpio/test/led_blink/am335x/armv7/bios/src/sysbios/sysbios.aa8fg(exc_Exception_asm_gnu.o)
 .text          0x0000000080001ce0        0x0 /home/ruan/ti/pdk_am335x_1_0_9/packages/ti/drv/gpio/test/led_blink/am335x/armv7/bios/src/sysbios/sysbios.aa8fg(_BIOS.o)
 .text          0x0000000080001ce0        0x0 /home/ruan/ti/pdk_am335x_1_0_9/packages/ti/drv/gpio/test/led_blink/am335x/armv7/bios/src/sysbios/sysbios.aa8fg(arm_IntrinsicsSupport.o)
 .text          0x0000000080001ce0        0x0 /home/ruan/ti/pdk_am335x_1_0_9/packages/ti/drv/gpio/test/led_blink/am335x/armv7/bios/src/sysbios/sysbios.aa8fg(arm_TaskSupport.o)
 .text          0x0000000080001ce0        0x0 /home/ruan/ti/pdk_am335x_1_0_9/packages/ti/drv/gpio/test/led_blink/am335x/armv7/bios/src/sysbios/sysbios.aa8fg(knl_Clock.o)
 .text          0x0000000080001ce0        0x0 /home/ruan/ti/pdk_am335x_1_0_9/packages/ti/drv/gpio/test/led_blink/am335x/armv7/bios/src/sysbios/sysbios.aa8fg(knl_Queue.o)
 .text          0x0000000080001ce0        0x0 /home/ruan/ti/pdk_am335x_1_0_9/packages/ti/drv/gpio/test/led_blink/am335x/armv7/bios/src/sysbios/sysbios.aa8fg(knl_Semaphore.o)
 .text          0x0000000080001ce0        0x0 /home/ruan/ti/pdk_am335x_1_0_9/packages/ti/drv/gpio/test/led_blink/am335x/armv7/bios/src/sysbios/sysbios.aa8fg(knl_Swi.o)
 .text          0x0000000080001ce0        0x0 /home/ruan/ti/pdk_am335x_1_0_9/packages/ti/drv/gpio/test/led_blink/am335x/armv7/bios/src/sysbios/sysbios.aa8fg(knl_Task.o)
 .text          0x0000000080001ce0        0x0 /home/ruan/ti/pdk_am335x_1_0_9/packages/ti/drv/gpio/test/led_blink/am335x/armv7/bios/src/sysbios/sysbios.aa8fg(hal_Core.o)
 .text          0x0000000080001ce0        0x0 /home/ruan/ti/pdk_am335x_1_0_9/packages/ti/drv/gpio/test/led_blink/am335x/armv7/bios/src/sysbios/sysbios.aa8fg(hal_CoreNull.o)
 .text          0x0000000080001ce0        0x0 /home/ruan/ti/pdk_am335x_1_0_9/packages/ti/drv/gpio/test/led_blink/am335x/armv7/bios/src/sysbios/sysbios.aa8fg(hal_Hwi.o)
 .text          0x0000000080001ce0        0x0 /home/ruan/ti/pdk_am335x_1_0_9/packages/ti/drv/gpio/test/led_blink/am335x/armv7/bios/src/sysbios/sysbios.aa8fg(hal_Hwi_stack.o)
 .text          0x0000000080001ce0        0x0 /home/ruan/ti/pdk_am335x_1_0_9/packages/ti/drv/gpio/test/led_blink/am335x/armv7/bios/src/sysbios/sysbios.aa8fg(hal_Hwi_startup.o)
 .text          0x0000000080001ce0        0x0 /home/ruan/ti/pdk_am335x_1_0_9/packages/ti/drv/gpio/test/led_blink/am335x/armv7/bios/src/sysbios/sysbios.aa8fg(hal_Timer.o)
 .text          0x0000000080001ce0        0x0 /home/ruan/ti/pdk_am335x_1_0_9/packages/ti/drv/gpio/test/led_blink/am335x/armv7/bios/src/sysbios/sysbios.aa8fg(heaps_HeapMem.o)
 .text          0x0000000080001ce0        0x0 /home/ruan/ti/pdk_am335x_1_0_9/packages/ti/drv/gpio/test/led_blink/am335x/armv7/bios/src/sysbios/sysbios.aa8fg(gnu_ReentSupport.o)
 .text          0x0000000080001ce0        0x0 /home/ruan/ti/pdk_am335x_1_0_9/packages/ti/drv/gpio/test/led_blink/am335x/armv7/bios/src/sysbios/sysbios.aa8fg(gnu_SemiHostSupport.o)
 .text          0x0000000080001ce0        0x0 /home/ruan/ti/pdk_am335x_1_0_9/packages/ti/drv/gpio/test/led_blink/am335x/armv7/bios/src/sysbios/sysbios.aa8fg(a8_Cache.o)
 .text          0x0000000080001ce0        0x0 /home/ruan/ti/pdk_am335x_1_0_9/packages/ti/drv/gpio/test/led_blink/am335x/armv7/bios/src/sysbios/sysbios.aa8fg(a8_Mmu.o)
 .text          0x0000000080001ce0        0x0 /home/ruan/ti/pdk_am335x_1_0_9/packages/ti/drv/gpio/test/led_blink/am335x/armv7/bios/src/sysbios/sysbios.aa8fg(a8_TimestampProvider.o)
 .text          0x0000000080001ce0        0x0 /home/ruan/ti/pdk_am335x_1_0_9/packages/ti/drv/gpio/test/led_blink/am335x/armv7/bios/src/sysbios/sysbios.aa8fg(intcps_Hwi.o)
 .text          0x0000000080001ce0        0x0 /home/ruan/ti/pdk_am335x_1_0_9/packages/ti/drv/gpio/test/led_blink/am335x/armv7/bios/src/sysbios/sysbios.aa8fg(exc_Exception.o)
 .text          0x0000000080001ce0        0x0 /home/ruan/ti/pdk_am335x_1_0_9/packages/ti/drv/gpio/test/led_blink/am335x/armv7/bios/src/sysbios/sysbios.aa8fg(gates_GateHwi.o)
 .text          0x0000000080001ce0        0x0 /home/ruan/ti/pdk_am335x_1_0_9/packages/ti/drv/gpio/test/led_blink/am335x/armv7/bios/src/sysbios/sysbios.aa8fg(gates_GateMutex.o)
 .text          0x0000000080001ce0        0x0 /home/ruan/ti/pdk_am335x_1_0_9/packages/ti/drv/gpio/test/led_blink/am335x/armv7/bios/src/sysbios/sysbios.aa8fg(dmtimer_Timer.o)
 .text          0x0000000080001ce0        0x0 /home/ruan/ti/pdk_am335x_1_0_9/packages/ti/drv/gpio/test/led_blink/am335x/armv7/bios/src/sysbios/sysbios.aa8fg(ti81xx_TimerSupport.o)
 .text          0x0000000080001ce0        0x0 /home/ruan/ti/pdk_am335x_1_0_9/packages/ti/drv/gpio/test/led_blink/am335x/armv7/bios/src/sysbios/sysbios.aa8fg(arm_IntrinsicsSupport_asm_gnu.o)
 .text          0x0000000080001ce0        0x0 /home/ruan/ti/pdk_am335x_1_0_9/packages/ti/drv/gpio/test/led_blink/am335x/armv7/bios/src/sysbios/sysbios.aa8fg(a8_Mmu_asm_gnu.o)
 .text          0x0000000080001ce0        0xc /home/ruan/ti/pdk_am335x_1_0_9/packages/ti/drv/gpio/test/led_blink/am335x/armv7/bios/src/sysbios/sysbios.aa8fg(dmtimer_Timer_asm_gnu.o)
                0x0000000080001ce0                ti_sysbios_timers_dmtimer_Timer_spinLoop(int0_t)
 .text          0x0000000080001cec        0x0 /home/ruan/ti/pdk_am335x_1_0_9/packages/ti/drv/gpio/test/led_blink/am335x/armv7/bios/src/sysbios/sysbios.aa8fg(knl_Idle.o)
 .text          0x0000000080001cec        0x0 /home/ruan/ti/pdk_am335x_1_0_9/packages/ti/drv/gpio/lib/a8/release/ti.drv.gpio.profiling.aa8fg(GPIO_drv.oa8fg)
 .text          0x0000000080001cec        0x0 /home/ruan/ti/pdk_am335x_1_0_9/packages/ti/drv/gpio/lib/a8/release/ti.drv.gpio.profiling.aa8fg(GPIO_v1.oa8fg)
 .text          0x0000000080001cec      0x110 /home/ruan/ti/pdk_am335x_1_0_9/packages/ti/utils/profiling/lib/a8/release/ti.utils.profiling.aa8fg(profilingHooksArmV7_AAssembly.oa8fg)
                0x0000000080001cec                __cyg_profile_func_enter
                0x0000000080001d5c                __cyg_profile_func_exit
                0x0000000080001da8                mySwitch
 .text          0x0000000080001dfc        0x0 /home/ruan/ti/pdk_am335x_1_0_9/packages/ti/utils/profiling/lib/a8/release/ti.utils.profiling.aa8fg(profilingHooksArmV7_A.oa8fg)
 .text          0x0000000080001dfc        0x0 /home/ruan/ti/pdk_am335x_1_0_9/packages/ti/board/lib/bbbAM335x/a8/release/ti.board.aa8fg(bbbAM335x.oa8fg)
 .text          0x0000000080001dfc        0x0 /home/ruan/ti/pdk_am335x_1_0_9/packages/ti/board/lib/bbbAM335x/a8/release/ti.board.aa8fg(bbbAM335x_lld_init.oa8fg)
 .text          0x0000000080001dfc        0x0 /home/ruan/ti/pdk_am335x_1_0_9/packages/ti/board/lib/bbbAM335x/a8/release/ti.board.aa8fg(bbbAM335x_pinmux.oa8fg)
 .text          0x0000000080001dfc        0x0 /home/ruan/ti/pdk_am335x_1_0_9/packages/ti/board/lib/bbbAM335x/a8/release/ti.board.aa8fg(am335x_chipdb.oa8fg)
 .text          0x0000000080001dfc        0x0 /home/ruan/ti/pdk_am335x_1_0_9/packages/ti/board/lib/bbbAM335x/a8/release/ti.board.aa8fg(am335x_prcm.oa8fg)
 .text          0x0000000080001dfc        0x0 /home/ruan/ti/pdk_am335x_1_0_9/packages/ti/board/lib/bbbAM335x/a8/release/ti.board.aa8fg(hw_am335x_chipdb.oa8fg)
 .text          0x0000000080001dfc        0x0 /home/ruan/ti/pdk_am335x_1_0_9/packages/ti/board/lib/bbbAM335x/a8/release/ti.board.aa8fg(hw_am335x_chipdb_baseaddr.oa8fg)
 .text          0x0000000080001dfc        0x0 /home/ruan/ti/pdk_am335x_1_0_9/packages/ti/board/lib/bbbAM335x/a8/release/ti.board.aa8fg(hw_am335x_chipdb_interrupt.oa8fg)
 .text          0x0000000080001dfc        0x0 /home/ruan/ti/pdk_am335x_1_0_9/packages/ti/board/lib/bbbAM335x/a8/release/ti.board.aa8fg(am335x_beagleboneblack_pinmux_data.oa8fg)
 .text          0x0000000080001dfc        0x0 /home/ruan/ti/pdk_am335x_1_0_9/packages/ti/drv/i2c/lib/am335x/a8/release/ti.drv.i2c.aa8fg(I2C_drv.oa8fg)
 .text          0x0000000080001dfc        0x0 /home/ruan/ti/pdk_am335x_1_0_9/packages/ti/drv/i2c/lib/am335x/a8/release/ti.drv.i2c.aa8fg(I2C_v1.oa8fg)
 .text          0x0000000080001dfc        0x0 /home/ruan/ti/pdk_am335x_1_0_9/packages/ti/drv/uart/lib/a8/release/ti.drv.uart.aa8fg(UART_v1.oa8fg)
 .text          0x0000000080001dfc        0x0 /home/ruan/ti/pdk_am335x_1_0_9/packages/ti/drv/uart/lib/a8/release/ti.drv.uart.aa8fg(UART_stdio.oa8fg)
 .text          0x0000000080001dfc        0x0 /home/ruan/ti/pdk_am335x_1_0_9/packages/ti/drv/uart/lib/a8/release/ti.drv.uart.aa8fg(UART_ascii_utils.oa8fg)
 .text          0x0000000080001dfc        0x0 /home/ruan/ti/pdk_am335x_1_0_9/packages/ti/drv/uart/lib/a8/release/ti.drv.uart.aa8fg(UART_status.oa8fg)
 .text          0x0000000080001dfc        0x0 /home/ruan/ti/pdk_am335x_1_0_9/packages/ti/drv/uart/lib/a8/release/ti.drv.uart.aa8fg(UART_drv.oa8fg)
 .text          0x0000000080001dfc        0x0 /home/ruan/ti/pdk_am335x_1_0_9/packages/ti/csl/lib/am335x/a8/release/ti.csl.aa8fg(gpio_v2.oa8fg)
 .text          0x0000000080001dfc        0x0 /home/ruan/ti/pdk_am335x_1_0_9/packages/ti/csl/lib/am335x/a8/release/ti.csl.aa8fg(i2c.oa8fg)
 .text          0x0000000080001dfc        0x0 /home/ruan/ti/pdk_am335x_1_0_9/packages/ti/csl/lib/am335x/a8/release/ti.csl.aa8fg(uart.oa8fg)
 .text          0x0000000080001dfc        0x0 /home/ruan/ti/pdk_am335x_1_0_9/packages/ti/osal/lib/tirtos/a8/release/ti.osal.aa8fg(SemaphoreP_tirtos.oa8fg)
 .text          0x0000000080001dfc        0x0 /home/ruan/ti/pdk_am335x_1_0_9/packages/ti/osal/lib/tirtos/a8/release/ti.osal.aa8fg(HwiP_tirtos.oa8fg)
 .text          0x0000000080001dfc        0x0 /home/ruan/ti/pdk_am335x_1_0_9/packages/ti/osal/lib/tirtos/a8/release/ti.osal.aa8fg(Utils_tirtos.oa8fg)
 .text          0x0000000080001dfc        0x0 /home/ruan/ti/pdk_am335x_1_0_9/packages/ti/osal/lib/tirtos/a8/release/ti.osal.aa8fg(RegisterIntr_tirtos.oa8fg)
 .text          0x0000000080001dfc        0x0 /home/ruan/ti/bios_6_52_00_12/packages/gnu/targets/arm/rtsv7A/lib/gnu.targets.arm.rtsv7A.aa8fg(Assert.oa8fg)
 .text          0x0000000080001dfc        0x0 /home/ruan/ti/bios_6_52_00_12/packages/gnu/targets/arm/rtsv7A/lib/gnu.targets.arm.rtsv7A.aa8fg(Core-mem.oa8fg)
 .text          0x0000000080001dfc        0x0 /home/ruan/ti/bios_6_52_00_12/packages/gnu/targets/arm/rtsv7A/lib/gnu.targets.arm.rtsv7A.aa8fg(Core-smem.oa8fg)
 .text          0x0000000080001dfc        0x0 /home/ruan/ti/bios_6_52_00_12/packages/gnu/targets/arm/rtsv7A/lib/gnu.targets.arm.rtsv7A.aa8fg(Core-label.oa8fg)
 .text          0x0000000080001dfc        0x0 /home/ruan/ti/bios_6_52_00_12/packages/gnu/targets/arm/rtsv7A/lib/gnu.targets.arm.rtsv7A.aa8fg(Core-params.oa8fg)
 .text          0x0000000080001dfc        0x0 /home/ruan/ti/bios_6_52_00_12/packages/gnu/targets/arm/rtsv7A/lib/gnu.targets.arm.rtsv7A.aa8fg(Error.oa8fg)
 .text          0x0000000080001dfc        0x0 /home/ruan/ti/bios_6_52_00_12/packages/gnu/targets/arm/rtsv7A/lib/gnu.targets.arm.rtsv7A.aa8fg(Gate.oa8fg)
 .text          0x0000000080001dfc        0x0 /home/ruan/ti/bios_6_52_00_12/packages/gnu/targets/arm/rtsv7A/lib/gnu.targets.arm.rtsv7A.aa8fg(Memory.oa8fg)
 .text          0x0000000080001dfc        0x0 /home/ruan/ti/bios_6_52_00_12/packages/gnu/targets/arm/rtsv7A/lib/gnu.targets.arm.rtsv7A.aa8fg(Startup.oa8fg)
 .text          0x0000000080001dfc        0x0 /home/ruan/ti/bios_6_52_00_12/packages/gnu/targets/arm/rtsv7A/lib/gnu.targets.arm.rtsv7A.aa8fg(System.oa8fg)
 .text          0x0000000080001dfc        0x0 /home/ruan/ti/bios_6_52_00_12/packages/gnu/targets/arm/rtsv7A/lib/gnu.targets.arm.rtsv7A.aa8fg(SysMin.oa8fg)
 .text          0x0000000080001dfc        0x0 /home/ruan/ti/bios_6_52_00_12/packages/gnu/targets/arm/rtsv7A/lib/gnu.targets.arm.rtsv7A.aa8fg(Text.oa8fg)
 .text          0x0000000080001dfc        0x0 /home/ruan/ti/bios_6_52_00_12/packages/gnu/targets/arm/rtsv7A/lib/gnu.targets.arm.rtsv7A.aa8fg(Timestamp.oa8fg)
 .text          0x0000000080001dfc        0x0 /home/ruan/ti/bios_6_52_00_12/packages/gnu/targets/arm/rtsv7A/lib/gnu.targets.arm.rtsv7A.aa8fg(xdc_noinit.oa8fg)
 .text          0x0000000080001dfc        0x0 /home/ruan/ti/bios_6_52_00_12/packages/gnu/targets/arm/rtsv7A/lib/gnu.targets.arm.rtsv7A.aa8fg(Registry.oa8fg)
 .text          0x0000000080001dfc        0x0 /home/ruan/ti/bios_6_52_00_12/packages/gnu/targets/arm/rtsv7A/lib/boot.aa8fg(boot.oa8fg)
 .text          0x0000000080001dfc        0x0 /home/ruan/ti/bios_6_52_00_12/packages/gnu/targets/arm/rtsv7A/lib/boot.aa8fg(startup.oa8fg)
 .text          0x0000000080001dfc        0x0 /home/ruan/ti/bios_6_52_00_12/packages/gnu/targets/arm/rtsv7A/lib/syscalls.aa8fg(syscalls.oa8fg)
 .text          0x0000000080001dfc        0x0 /home/ruan/ti/bios_6_52_00_12/packages/gnu/targets/arm/libs/install-native/arm-none-eabi/lib/hard/librdimon_nano.a(rdimon-syscalls.o)
 .text          0x0000000080001dfc      0x114 /home/ruan/ti/gcc-arm-none-eabi-6-2017-q1-update/bin/../lib/gcc/arm-none-eabi/6.3.1/hard/libgcc.a(_udivsi3.o)
                0x0000000080001dfc                __udivsi3
                0x0000000080001dfc                __aeabi_uidiv
                0x0000000080001ef0                __aeabi_uidivmod
 .text          0x0000000080001f10        0x4 /home/ruan/ti/gcc-arm-none-eabi-6-2017-q1-update/bin/../lib/gcc/arm-none-eabi/6.3.1/hard/libgcc.a(_dvmd_tls.o)
                0x0000000080001f10                __aeabi_ldiv0
                0x0000000080001f10                __aeabi_idiv0
 .text          0x0000000080001f14       0x3c /home/ruan/ti/gcc-arm-none-eabi-6-2017-q1-update/bin/../lib/gcc/arm-none-eabi/6.3.1/hard/libgcc.a(_aeabi_uldivmod.o)
                0x0000000080001f14                __aeabi_uldivmod
 .text          0x0000000080001f50      0x12c /home/ruan/ti/gcc-arm-none-eabi-6-2017-q1-update/bin/../lib/gcc/arm-none-eabi/6.3.1/hard/libgcc.a(_udivmoddi4.o)
                0x0000000080001f50                __udivmoddi4
 .text          0x000000008000207c       0x28 /home/ruan/ti/gcc-arm-none-eabi-6-2017-q1-update/bin/../lib/gcc/arm-none-eabi/6.3.1/hard/libgcc.a(_clzdi2.o)
                0x000000008000207c                __clzdi2
 .text          0x00000000800020a4       0x48 /home/ruan/ti/gcc-arm-none-eabi-6-2017-q1-update/bin/../lib/gcc/arm-none-eabi/6.3.1/hard/libgcc.a(_clzsi2.o)
                0x00000000800020a4                __clzsi2
 .text          0x00000000800020ec        0x0 /home/ruan/ti/bios_6_52_00_12/packages/gnu/targets/arm/libs/install-native/arm-none-eabi/lib/hard/libm.a(lib_a-w_pow.o)
 .text          0x00000000800020ec        0x0 /home/ruan/ti/bios_6_52_00_12/packages/gnu/targets/arm/libs/install-native/arm-none-eabi/lib/hard/libm.a(lib_a-e_pow.o)
 .text          0x00000000800020ec        0x0 /home/ruan/ti/bios_6_52_00_12/packages/gnu/targets/arm/libs/install-native/arm-none-eabi/lib/hard/libm.a(lib_a-e_sqrt.o)
 .text          0x00000000800020ec        0x0 /home/ruan/ti/bios_6_52_00_12/packages/gnu/targets/arm/libs/install-native/arm-none-eabi/lib/hard/libm.a(lib_a-s_fabs.o)
 .text          0x00000000800020ec        0x0 /home/ruan/ti/bios_6_52_00_12/packages/gnu/targets/arm/libs/install-native/arm-none-eabi/lib/hard/libm.a(lib_a-s_finite.o)
 .text          0x00000000800020ec        0x0 /home/ruan/ti/bios_6_52_00_12/packages/gnu/targets/arm/libs/install-native/arm-none-eabi/lib/hard/libm.a(lib_a-s_lib_ver.o)
 .text          0x00000000800020ec        0x0 /home/ruan/ti/bios_6_52_00_12/packages/gnu/targets/arm/libs/install-native/arm-none-eabi/lib/hard/libm.a(lib_a-s_matherr.o)
 .text          0x00000000800020ec        0x0 /home/ruan/ti/bios_6_52_00_12/packages/gnu/targets/arm/libs/install-native/arm-none-eabi/lib/hard/libm.a(lib_a-s_nan.o)
 .text          0x00000000800020ec        0x0 /home/ruan/ti/bios_6_52_00_12/packages/gnu/targets/arm/libs/install-native/arm-none-eabi/lib/hard/libm.a(lib_a-s_rint.o)
 .text          0x00000000800020ec        0x0 /home/ruan/ti/bios_6_52_00_12/packages/gnu/targets/arm/libs/install-native/arm-none-eabi/lib/hard/libm.a(lib_a-s_scalbn.o)
 .text          0x00000000800020ec        0x0 /home/ruan/ti/bios_6_52_00_12/packages/gnu/targets/arm/libs/install-native/arm-none-eabi/lib/hard/libm.a(lib_a-s_copysign.o)
 .text          0x00000000800020ec        0x0 /home/ruan/ti/bios_6_52_00_12/packages/gnu/targets/arm/libs/install-native/arm-none-eabi/lib/hard/libc_nano.a(lib_a-abort.o)
 .text          0x00000000800020ec        0x0 /home/ruan/ti/bios_6_52_00_12/packages/gnu/targets/arm/libs/install-native/arm-none-eabi/lib/hard/libc_nano.a(lib_a-errno.o)
 .text          0x00000000800020ec        0x0 /home/ruan/ti/bios_6_52_00_12/packages/gnu/targets/arm/libs/install-native/arm-none-eabi/lib/hard/libc_nano.a(lib_a-exit.o)
 .text          0x00000000800020ec        0x0 /home/ruan/ti/bios_6_52_00_12/packages/gnu/targets/arm/libs/install-native/arm-none-eabi/lib/hard/libc_nano.a(lib_a-findfp.o)
 .text          0x00000000800020ec        0x0 /home/ruan/ti/bios_6_52_00_12/packages/gnu/targets/arm/libs/install-native/arm-none-eabi/lib/hard/libc_nano.a(lib_a-fwalk.o)
 .text          0x00000000800020ec        0x0 /home/ruan/ti/bios_6_52_00_12/packages/gnu/targets/arm/libs/install-native/arm-none-eabi/lib/hard/libc_nano.a(lib_a-impure.o)
 .text          0x00000000800020ec        0x0 /home/ruan/ti/bios_6_52_00_12/packages/gnu/targets/arm/libs/install-native/arm-none-eabi/lib/hard/libc_nano.a(lib_a-memcpy-stub.o)
 .text          0x00000000800020ec        0x0 /home/ruan/ti/bios_6_52_00_12/packages/gnu/targets/arm/libs/install-native/arm-none-eabi/lib/hard/libc_nano.a(lib_a-memset.o)
 .text          0x00000000800020ec        0x0 /home/ruan/ti/bios_6_52_00_12/packages/gnu/targets/arm/libs/install-native/arm-none-eabi/lib/hard/libc_nano.a(lib_a-reent.o)
 .text          0x00000000800020ec        0x0 /home/ruan/ti/bios_6_52_00_12/packages/gnu/targets/arm/libs/install-native/arm-none-eabi/lib/hard/libc_nano.a(lib_a-signal.o)
 .text          0x00000000800020ec        0x0 /home/ruan/ti/bios_6_52_00_12/packages/gnu/targets/arm/libs/install-native/arm-none-eabi/lib/hard/libc_nano.a(lib_a-signalr.o)
 .text          0x00000000800020ec        0x0 /home/ruan/ti/bios_6_52_00_12/packages/gnu/targets/arm/libs/install-native/arm-none-eabi/lib/hard/libc_nano.a(lib_a-stdio.o)
 .text          0x00000000800020ec       0x1c /home/ruan/ti/bios_6_52_00_12/packages/gnu/targets/arm/libs/install-native/arm-none-eabi/lib/hard/libc_nano.a(lib_a-strcmp.o)
                0x00000000800020ec                strcmp
 .text          0x0000000080002108        0xe /home/ruan/ti/bios_6_52_00_12/packages/gnu/targets/arm/libs/install-native/arm-none-eabi/lib/hard/libc_nano.a(lib_a-strlen.o)
                0x0000000080002108                strlen
 .text          0x0000000080002116        0x0 /home/ruan/ti/bios_6_52_00_12/packages/gnu/targets/arm/libs/install-native/arm-none-eabi/lib/hard/libc_nano.a(lib_a-tirtos_validate.o)
 .text          0x0000000080002116        0x0 /home/ruan/ti/bios_6_52_00_12/packages/gnu/targets/arm/libs/install-native/arm-none-eabi/lib/hard/libc_nano.a(lib_a-writer.o)
 .text          0x0000000080002116        0x0 /home/ruan/ti/bios_6_52_00_12/packages/gnu/targets/arm/libs/install-native/arm-none-eabi/lib/hard/libc_nano.a(lib_a-closer.o)
 .text          0x0000000080002116        0x0 /home/ruan/ti/bios_6_52_00_12/packages/gnu/targets/arm/libs/install-native/arm-none-eabi/lib/hard/libc_nano.a(lib_a-fflush.o)
 .text          0x0000000080002116        0x0 /home/ruan/ti/bios_6_52_00_12/packages/gnu/targets/arm/libs/install-native/arm-none-eabi/lib/hard/libc_nano.a(lib_a-lseekr.o)
 .text          0x0000000080002116        0x0 /home/ruan/ti/bios_6_52_00_12/packages/gnu/targets/arm/libs/install-native/arm-none-eabi/lib/hard/libc_nano.a(lib_a-readr.o)
 .text          0x0000000080002116        0x0 /home/ruan/ti/bios_6_52_00_12/packages/gnu/targets/arm/libs/install-native/arm-none-eabi/lib/hard/librdimon_nano.a(rdimon-_kill.o)
 *(.text.*)
 *fill*         0x0000000080002116        0x2 
 .text.xdc_iargToPtr
                0x0000000080002118       0x24 /home/ruan/ti/pdk_am335x_1_0_9/packages/MyExampleProjects/GPIO_LedBlink_bbbAM335x_armTestProject/Debug/configPkg/package/cfg/am335x_app_bbbam335x_pa8fg.oa8fg
 .text.xdc_runtime_IHeap_alloc
                0x000000008000213c       0x4c /home/ruan/ti/pdk_am335x_1_0_9/packages/MyExampleProjects/GPIO_LedBlink_bbbAM335x_armTestProject/Debug/configPkg/package/cfg/am335x_app_bbbam335x_pa8fg.oa8fg
 .text.xdc_runtime_IHeap_free
                0x0000000080002188       0x40 /home/ruan/ti/pdk_am335x_1_0_9/packages/MyExampleProjects/GPIO_LedBlink_bbbAM335x_armTestProject/Debug/configPkg/package/cfg/am335x_app_bbbam335x_pa8fg.oa8fg
 .text.ti_sysbios_family_arm_a8_intcps_Hwi_disable
                0x00000000800021c8       0x2c /home/ruan/ti/pdk_am335x_1_0_9/packages/MyExampleProjects/GPIO_LedBlink_bbbAM335x_armTestProject/Debug/configPkg/package/cfg/am335x_app_bbbam335x_pa8fg.oa8fg
 .text.ti_sysbios_family_arm_a8_intcps_Hwi_enable
                0x00000000800021f4       0x2c /home/ruan/ti/pdk_am335x_1_0_9/packages/MyExampleProjects/GPIO_LedBlink_bbbAM335x_armTestProject/Debug/configPkg/package/cfg/am335x_app_bbbam335x_pa8fg.oa8fg
 .text.ti_sysbios_family_arm_a8_intcps_Hwi_restore
                0x0000000080002220       0x38 /home/ruan/ti/pdk_am335x_1_0_9/packages/MyExampleProjects/GPIO_LedBlink_bbbAM335x_armTestProject/Debug/configPkg/package/cfg/am335x_app_bbbam335x_pa8fg.oa8fg
 .text.ti_sysbios_knl_Clock_Module_State_clockQ
                0x0000000080002258       0x28 /home/ruan/ti/pdk_am335x_1_0_9/packages/MyExampleProjects/GPIO_LedBlink_bbbAM335x_armTestProject/Debug/configPkg/package/cfg/am335x_app_bbbam335x_pa8fg.oa8fg
 .text.ti_sysbios_knl_Semaphore_Params_init
                0x0000000080002280       0x3c /home/ruan/ti/pdk_am335x_1_0_9/packages/MyExampleProjects/GPIO_LedBlink_bbbAM335x_armTestProject/Debug/configPkg/package/cfg/am335x_app_bbbam335x_pa8fg.oa8fg
 .text.ti_sysbios_knl_Semaphore_handle
                0x00000000800022bc       0x24 /home/ruan/ti/pdk_am335x_1_0_9/packages/MyExampleProjects/GPIO_LedBlink_bbbAM335x_armTestProject/Debug/configPkg/package/cfg/am335x_app_bbbam335x_pa8fg.oa8fg
 .text.ti_sysbios_family_arm_a8_intcps_Hwi_Module__startupDone__F
                0x00000000800022e0       0x58 /home/ruan/ti/pdk_am335x_1_0_9/packages/MyExampleProjects/GPIO_LedBlink_bbbAM335x_armTestProject/Debug/configPkg/package/cfg/am335x_app_bbbam335x_pa8fg.oa8fg
                0x00000000800022e0                ti_sysbios_family_arm_a8_intcps_Hwi_Module__startupDone(void)
 .text.ti_sysbios_timers_dmtimer_Timer_Module__startupDone__F
                0x0000000080002338       0x58 /home/ruan/ti/pdk_am335x_1_0_9/packages/MyExampleProjects/GPIO_LedBlink_bbbAM335x_armTestProject/Debug/configPkg/package/cfg/am335x_app_bbbam335x_pa8fg.oa8fg
                0x0000000080002338                ti_sysbios_timers_dmtimer_Timer_Module__startupDone(void)
 .text.ti_sysbios_family_arm_a8_ti81xx_TimerSupport_Module__startupDone__F
                0x0000000080002390       0x58 /home/ruan/ti/pdk_am335x_1_0_9/packages/MyExampleProjects/GPIO_LedBlink_bbbAM335x_armTestProject/Debug/configPkg/package/cfg/am335x_app_bbbam335x_pa8fg.oa8fg
                0x0000000080002390                ti_sysbios_family_arm_a8_ti81xx_TimerSupport_Module__startupDone(void)
 .text.xdc_runtime_Startup_exec__I
                0x00000000800023e8       0x30 /home/ruan/ti/pdk_am335x_1_0_9/packages/MyExampleProjects/GPIO_LedBlink_bbbAM335x_armTestProject/Debug/configPkg/package/cfg/am335x_app_bbbam335x_pa8fg.oa8fg
                0x00000000800023e8                xdc_runtime_Startup_exec(int0_t)
 .text.xdc_runtime_Startup_reset__I
                0x0000000080002418       0x14 /home/ruan/ti/pdk_am335x_1_0_9/packages/MyExampleProjects/GPIO_LedBlink_bbbAM335x_armTestProject/Debug/configPkg/package/cfg/am335x_app_bbbam335x_pa8fg.oa8fg
                0x0000000080002418                xdc_runtime_Startup_reset(int0_t)
 .text.xdc_runtime_System_printfExtend__I
                0x000000008000242c      0x38c /home/ruan/ti/pdk_am335x_1_0_9/packages/MyExampleProjects/GPIO_LedBlink_bbbAM335x_armTestProject/Debug/configPkg/package/cfg/am335x_app_bbbam335x_pa8fg.oa8fg
                0x000000008000242c                xdc_runtime_System_printfExtend(int0_t)
 .text.xdc_runtime_SysMin_output__I
                0x00000000800027b8       0x84 /home/ruan/ti/pdk_am335x_1_0_9/packages/MyExampleProjects/GPIO_LedBlink_bbbAM335x_armTestProject/Debug/configPkg/package/cfg/am335x_app_bbbam335x_pa8fg.oa8fg
                0x00000000800027b8                xdc_runtime_SysMin_output(int0_t)
 .text.xdc_runtime_Text_visitRope__I
                0x000000008000283c       0x38 /home/ruan/ti/pdk_am335x_1_0_9/packages/MyExampleProjects/GPIO_LedBlink_bbbAM335x_armTestProject/Debug/configPkg/package/cfg/am335x_app_bbbam335x_pa8fg.oa8fg
                0x000000008000283c                xdc_runtime_Text_visitRope(int0_t)
 .text.ti_sysbios_knl_Clock_doTick__I
                0x0000000080002874       0x80 /home/ruan/ti/pdk_am335x_1_0_9/packages/MyExampleProjects/GPIO_LedBlink_bbbAM335x_armTestProject/Debug/configPkg/package/cfg/am335x_app_bbbam335x_pa8fg.oa8fg
                0x0000000080002874                ti_sysbios_knl_Clock_doTick(int0_t)
 .text.__getreent
                0x00000000800028f4       0x38 /home/ruan/ti/pdk_am335x_1_0_9/packages/MyExampleProjects/GPIO_LedBlink_bbbAM335x_armTestProject/Debug/configPkg/package/cfg/am335x_app_bbbam335x_pa8fg.oa8fg
                0x00000000800028f4                __getreent
 .text.__libc_lock_init_recursive
                0x000000008000292c       0x6c /home/ruan/ti/pdk_am335x_1_0_9/packages/MyExampleProjects/GPIO_LedBlink_bbbAM335x_armTestProject/Debug/configPkg/package/cfg/am335x_app_bbbam335x_pa8fg.oa8fg
                0x000000008000292c                __libc_lock_init_recursive
 .text.__libc_lock_acquire_recursive
                0x0000000080002998      0x13c /home/ruan/ti/pdk_am335x_1_0_9/packages/MyExampleProjects/GPIO_LedBlink_bbbAM335x_armTestProject/Debug/configPkg/package/cfg/am335x_app_bbbam335x_pa8fg.oa8fg
                0x0000000080002998                __libc_lock_acquire_recursive
 .text.__libc_lock_release_recursive
                0x0000000080002ad4       0x68 /home/ruan/ti/pdk_am335x_1_0_9/packages/MyExampleProjects/GPIO_LedBlink_bbbAM335x_armTestProject/Debug/configPkg/package/cfg/am335x_app_bbbam335x_pa8fg.oa8fg
                0x0000000080002ad4                __libc_lock_release_recursive
 .text.SVC_Handler
                0x0000000080002b3c        0x8 /home/ruan/ti/pdk_am335x_1_0_9/packages/MyExampleProjects/GPIO_LedBlink_bbbAM335x_armTestProject/Debug/configPkg/package/cfg/am335x_app_bbbam335x_pa8fg.oa8fg
                0x0000000080002b3c                SVC_Handler
 .text.ti_sysbios_BIOS_startFunc__I
                0x0000000080002b44       0x3c /home/ruan/ti/pdk_am335x_1_0_9/packages/MyExampleProjects/GPIO_LedBlink_bbbAM335x_armTestProject/Debug/configPkg/package/cfg/am335x_app_bbbam335x_pa8fg.oa8fg
                0x0000000080002b44                ti_sysbios_BIOS_startFunc(int0_t)
 .text.ti_sysbios_BIOS_atExitFunc__I
                0x0000000080002b80       0x28 /home/ruan/ti/pdk_am335x_1_0_9/packages/MyExampleProjects/GPIO_LedBlink_bbbAM335x_armTestProject/Debug/configPkg/package/cfg/am335x_app_bbbam335x_pa8fg.oa8fg
                0x0000000080002b80                ti_sysbios_BIOS_atExitFunc(int0_t)
 .text.ti_sysbios_BIOS_exitFunc__I
                0x0000000080002ba8       0x2c /home/ruan/ti/pdk_am335x_1_0_9/packages/MyExampleProjects/GPIO_LedBlink_bbbAM335x_armTestProject/Debug/configPkg/package/cfg/am335x_app_bbbam335x_pa8fg.oa8fg
                0x0000000080002ba8                ti_sysbios_BIOS_exitFunc(int0_t)
 .text.ti_sysbios_BIOS_errorRaiseHook__I
                0x0000000080002bd4       0x38 /home/ruan/ti/pdk_am335x_1_0_9/packages/MyExampleProjects/GPIO_LedBlink_bbbAM335x_armTestProject/Debug/configPkg/package/cfg/am335x_app_bbbam335x_pa8fg.oa8fg
                0x0000000080002bd4                ti_sysbios_BIOS_errorRaiseHook(int0_t)
 .text.ti_sysbios_family_arm_a8_Mmu_initTableBuf__I
                0x0000000080002c0c     0x2068 /home/ruan/ti/pdk_am335x_1_0_9/packages/MyExampleProjects/GPIO_LedBlink_bbbAM335x_armTestProject/Debug/configPkg/package/cfg/am335x_app_bbbam335x_pa8fg.oa8fg
                0x0000000080002c0c                ti_sysbios_family_arm_a8_Mmu_initTableBuf(int0_t)
 .text.ti_sysbios_rts_gnu_MemAlloc_alloc
                0x0000000080004c74       0x90 /home/ruan/ti/pdk_am335x_1_0_9/packages/MyExampleProjects/GPIO_LedBlink_bbbAM335x_armTestProject/Debug/configPkg/package/cfg/am335x_app_bbbam335x_pa8fg.oa8fg
 .text.malloc   0x0000000080004d04       0x28 /home/ruan/ti/pdk_am335x_1_0_9/packages/MyExampleProjects/GPIO_LedBlink_bbbAM335x_armTestProject/Debug/configPkg/package/cfg/am335x_app_bbbam335x_pa8fg.oa8fg
                0x0000000080004d04                malloc
 .text.free     0x0000000080004d2c       0x68 /home/ruan/ti/pdk_am335x_1_0_9/packages/MyExampleProjects/GPIO_LedBlink_bbbAM335x_armTestProject/Debug/configPkg/package/cfg/am335x_app_bbbam335x_pa8fg.oa8fg
                0x0000000080004d2c                free
 .text._malloc_r
                0x0000000080004d94       0x2c /home/ruan/ti/pdk_am335x_1_0_9/packages/MyExampleProjects/GPIO_LedBlink_bbbAM335x_armTestProject/Debug/configPkg/package/cfg/am335x_app_bbbam335x_pa8fg.oa8fg
                0x0000000080004d94                _malloc_r
 .text._free_r  0x0000000080004dc0       0x28 /home/ruan/ti/pdk_am335x_1_0_9/packages/MyExampleProjects/GPIO_LedBlink_bbbAM335x_armTestProject/Debug/configPkg/package/cfg/am335x_app_bbbam335x_pa8fg.oa8fg
                0x0000000080004dc0                _free_r
 .text.xdc_runtime_System_printf__E
                0x0000000080004de8       0x40 /home/ruan/ti/pdk_am335x_1_0_9/packages/MyExampleProjects/GPIO_LedBlink_bbbAM335x_armTestProject/Debug/configPkg/package/cfg/am335x_app_bbbam335x_pa8fg.oa8fg
                0x0000000080004de8                xdc_runtime_System_printf__E
 .text.ti_sysbios_hal_Hwi_HwiProxy_Module__startupDone__S
                0x0000000080004e28       0x18 /home/ruan/ti/pdk_am335x_1_0_9/packages/MyExampleProjects/GPIO_LedBlink_bbbAM335x_armTestProject/Debug/configPkg/package/cfg/am335x_app_bbbam335x_pa8fg.oa8fg
                0x0000000080004e28                ti_sysbios_hal_Hwi_HwiProxy_Module__startupDone(void) static
 .text.ti_sysbios_hal_Hwi_HwiProxy_getStackInfo__E
                0x0000000080004e40       0x38 /home/ruan/ti/pdk_am335x_1_0_9/packages/MyExampleProjects/GPIO_LedBlink_bbbAM335x_armTestProject/Debug/configPkg/package/cfg/am335x_app_bbbam335x_pa8fg.oa8fg
                0x0000000080004e40                ti_sysbios_hal_Hwi_HwiProxy_getStackInfo__E
 .text.ti_sysbios_hal_Hwi_HwiProxy_startup__E
                0x0000000080004e78       0x14 /home/ruan/ti/pdk_am335x_1_0_9/packages/MyExampleProjects/GPIO_LedBlink_bbbAM335x_armTestProject/Debug/configPkg/package/cfg/am335x_app_bbbam335x_pa8fg.oa8fg
                0x0000000080004e78                ti_sysbios_hal_Hwi_HwiProxy_startup__E
 .text.ti_sysbios_hal_Hwi_HwiProxy_disable__E
                0x0000000080004e8c       0x18 /home/ruan/ti/pdk_am335x_1_0_9/packages/MyExampleProjects/GPIO_LedBlink_bbbAM335x_armTestProject/Debug/configPkg/package/cfg/am335x_app_bbbam335x_pa8fg.oa8fg
                0x0000000080004e8c                ti_sysbios_hal_Hwi_HwiProxy_disable__E
 .text.ti_sysbios_hal_Hwi_HwiProxy_enable__E
                0x0000000080004ea4       0x18 /home/ruan/ti/pdk_am335x_1_0_9/packages/MyExampleProjects/GPIO_LedBlink_bbbAM335x_armTestProject/Debug/configPkg/package/cfg/am335x_app_bbbam335x_pa8fg.oa8fg
                0x0000000080004ea4                ti_sysbios_hal_Hwi_HwiProxy_enable__E
 .text.ti_sysbios_hal_Hwi_HwiProxy_restore__E
                0x0000000080004ebc       0x24 /home/ruan/ti/pdk_am335x_1_0_9/packages/MyExampleProjects/GPIO_LedBlink_bbbAM335x_armTestProject/Debug/configPkg/package/cfg/am335x_app_bbbam335x_pa8fg.oa8fg
                0x0000000080004ebc                ti_sysbios_hal_Hwi_HwiProxy_restore__E
 .text.ti_sysbios_hal_Hwi_HwiProxy_switchFromBootStack__E
                0x0000000080004ee0       0x14 /home/ruan/ti/pdk_am335x_1_0_9/packages/MyExampleProjects/GPIO_LedBlink_bbbAM335x_armTestProject/Debug/configPkg/package/cfg/am335x_app_bbbam335x_pa8fg.oa8fg
                0x0000000080004ee0                ti_sysbios_hal_Hwi_HwiProxy_switchFromBootStack__E
 .text.ti_sysbios_hal_Hwi_HwiProxy_disableInterrupt__E
                0x0000000080004ef4       0x28 /home/ruan/ti/pdk_am335x_1_0_9/packages/MyExampleProjects/GPIO_LedBlink_bbbAM335x_armTestProject/Debug/configPkg/package/cfg/am335x_app_bbbam335x_pa8fg.oa8fg
                0x0000000080004ef4                ti_sysbios_hal_Hwi_HwiProxy_disableInterrupt__E
 .text.ti_sysbios_hal_Hwi_HwiProxy_enableInterrupt__E
                0x0000000080004f1c       0x28 /home/ruan/ti/pdk_am335x_1_0_9/packages/MyExampleProjects/GPIO_LedBlink_bbbAM335x_armTestProject/Debug/configPkg/package/cfg/am335x_app_bbbam335x_pa8fg.oa8fg
                0x0000000080004f1c                ti_sysbios_hal_Hwi_HwiProxy_enableInterrupt__E
 .text.ti_sysbios_hal_Hwi_HwiProxy_clearInterrupt__E
                0x0000000080004f44       0x24 /home/ruan/ti/pdk_am335x_1_0_9/packages/MyExampleProjects/GPIO_LedBlink_bbbAM335x_armTestProject/Debug/configPkg/package/cfg/am335x_app_bbbam335x_pa8fg.oa8fg
                0x0000000080004f44                ti_sysbios_hal_Hwi_HwiProxy_clearInterrupt__E
 .text.ti_sysbios_hal_Timer_TimerProxy_Module__startupDone__S
                0x0000000080004f68       0x18 /home/ruan/ti/pdk_am335x_1_0_9/packages/MyExampleProjects/GPIO_LedBlink_bbbAM335x_armTestProject/Debug/configPkg/package/cfg/am335x_app_bbbam335x_pa8fg.oa8fg
                0x0000000080004f68                ti_sysbios_hal_Timer_TimerProxy_Module__startupDone(void) static
 .text.ti_sysbios_heaps_HeapMem_Module_GateProxy_query__E
                0x0000000080004f80       0x28 /home/ruan/ti/pdk_am335x_1_0_9/packages/MyExampleProjects/GPIO_LedBlink_bbbAM335x_armTestProject/Debug/configPkg/package/cfg/am335x_app_bbbam335x_pa8fg.oa8fg
                0x0000000080004f80                ti_sysbios_heaps_HeapMem_Module_GateProxy_query__E
 .text.ti_sysbios_heaps_HeapMem_Module_GateProxy_enter__E
                0x0000000080004fa8       0x28 /home/ruan/ti/pdk_am335x_1_0_9/packages/MyExampleProjects/GPIO_LedBlink_bbbAM335x_armTestProject/Debug/configPkg/package/cfg/am335x_app_bbbam335x_pa8fg.oa8fg
                0x0000000080004fa8                ti_sysbios_heaps_HeapMem_Module_GateProxy_enter__E
 .text.ti_sysbios_heaps_HeapMem_Module_GateProxy_leave__E
                0x0000000080004fd0       0x2c /home/ruan/ti/pdk_am335x_1_0_9/packages/MyExampleProjects/GPIO_LedBlink_bbbAM335x_armTestProject/Debug/configPkg/package/cfg/am335x_app_bbbam335x_pa8fg.oa8fg
                0x0000000080004fd0                ti_sysbios_heaps_HeapMem_Module_GateProxy_leave__E
 .text.ti_sysbios_knl_Clock_TimerProxy_Module__startupDone__S
                0x0000000080004ffc       0x18 /home/ruan/ti/pdk_am335x_1_0_9/packages/MyExampleProjects/GPIO_LedBlink_bbbAM335x_armTestProject/Debug/configPkg/package/cfg/am335x_app_bbbam335x_pa8fg.oa8fg
                0x0000000080004ffc                ti_sysbios_knl_Clock_TimerProxy_Module__startupDone(void) static
 .text.ti_sysbios_knl_Clock_TimerProxy_getMaxTicks__E
                0x0000000080005014       0x28 /home/ruan/ti/pdk_am335x_1_0_9/packages/MyExampleProjects/GPIO_LedBlink_bbbAM335x_armTestProject/Debug/configPkg/package/cfg/am335x_app_bbbam335x_pa8fg.oa8fg
                0x0000000080005014                ti_sysbios_knl_Clock_TimerProxy_getMaxTicks__E
 .text.ti_sysbios_knl_Intrinsics_SupportProxy_maxbit__E
                0x000000008000503c       0x28 /home/ruan/ti/pdk_am335x_1_0_9/packages/MyExampleProjects/GPIO_LedBlink_bbbAM335x_armTestProject/Debug/configPkg/package/cfg/am335x_app_bbbam335x_pa8fg.oa8fg
                0x000000008000503c                ti_sysbios_knl_Intrinsics_SupportProxy_maxbit__E
 .text.ti_sysbios_knl_Task_SupportProxy_Module__startupDone__S
                0x0000000080005064       0x18 /home/ruan/ti/pdk_am335x_1_0_9/packages/MyExampleProjects/GPIO_LedBlink_bbbAM335x_armTestProject/Debug/configPkg/package/cfg/am335x_app_bbbam335x_pa8fg.oa8fg
                0x0000000080005064                ti_sysbios_knl_Task_SupportProxy_Module__startupDone(void) static
 .text.ti_sysbios_knl_Task_SupportProxy_start__E
                0x000000008000507c       0x40 /home/ruan/ti/pdk_am335x_1_0_9/packages/MyExampleProjects/GPIO_LedBlink_bbbAM335x_armTestProject/Debug/configPkg/package/cfg/am335x_app_bbbam335x_pa8fg.oa8fg
                0x000000008000507c                ti_sysbios_knl_Task_SupportProxy_start__E
 .text.ti_sysbios_knl_Task_SupportProxy_swap__E
                0x00000000800050bc       0x2c /home/ruan/ti/pdk_am335x_1_0_9/packages/MyExampleProjects/GPIO_LedBlink_bbbAM335x_armTestProject/Debug/configPkg/package/cfg/am335x_app_bbbam335x_pa8fg.oa8fg
                0x00000000800050bc                ti_sysbios_knl_Task_SupportProxy_swap__E
 .text.ti_sysbios_knl_Task_SupportProxy_getStackAlignment__E
                0x00000000800050e8       0x18 /home/ruan/ti/pdk_am335x_1_0_9/packages/MyExampleProjects/GPIO_LedBlink_bbbAM335x_armTestProject/Debug/configPkg/package/cfg/am335x_app_bbbam335x_pa8fg.oa8fg
                0x00000000800050e8                ti_sysbios_knl_Task_SupportProxy_getStackAlignment__E
 .text.ti_sysbios_timers_dmtimer_Timer_TimerSupportProxy_Module__startupDone__S
                0x0000000080005100       0x18 /home/ruan/ti/pdk_am335x_1_0_9/packages/MyExampleProjects/GPIO_LedBlink_bbbAM335x_armTestProject/Debug/configPkg/package/cfg/am335x_app_bbbam335x_pa8fg.oa8fg
                0x0000000080005100                ti_sysbios_timers_dmtimer_Timer_TimerSupportProxy_Module__startupDone(void) static
 .text.ti_sysbios_timers_dmtimer_Timer_TimerSupportProxy_enable__E
                0x0000000080005118       0x2c /home/ruan/ti/pdk_am335x_1_0_9/packages/MyExampleProjects/GPIO_LedBlink_bbbAM335x_armTestProject/Debug/configPkg/package/cfg/am335x_app_bbbam335x_pa8fg.oa8fg
                0x0000000080005118                ti_sysbios_timers_dmtimer_Timer_TimerSupportProxy_enable__E
 .text.xdc_runtime_Memory_HeapProxy_alloc__E
                0x0000000080005144       0x40 /home/ruan/ti/pdk_am335x_1_0_9/packages/MyExampleProjects/GPIO_LedBlink_bbbAM335x_armTestProject/Debug/configPkg/package/cfg/am335x_app_bbbam335x_pa8fg.oa8fg
                0x0000000080005144                xdc_runtime_Memory_HeapProxy_alloc__E
 .text.xdc_runtime_Memory_HeapProxy_free__E
                0x0000000080005184       0x34 /home/ruan/ti/pdk_am335x_1_0_9/packages/MyExampleProjects/GPIO_LedBlink_bbbAM335x_armTestProject/Debug/configPkg/package/cfg/am335x_app_bbbam335x_pa8fg.oa8fg
                0x0000000080005184                xdc_runtime_Memory_HeapProxy_free__E
 .text.xdc_runtime_System_Module_GateProxy_enter__E
                0x00000000800051b8       0x28 /home/ruan/ti/pdk_am335x_1_0_9/packages/MyExampleProjects/GPIO_LedBlink_bbbAM335x_armTestProject/Debug/configPkg/package/cfg/am335x_app_bbbam335x_pa8fg.oa8fg
                0x00000000800051b8                xdc_runtime_System_Module_GateProxy_enter__E
 .text.xdc_runtime_System_Module_GateProxy_leave__E
                0x00000000800051e0       0x2c /home/ruan/ti/pdk_am335x_1_0_9/packages/MyExampleProjects/GPIO_LedBlink_bbbAM335x_armTestProject/Debug/configPkg/package/cfg/am335x_app_bbbam335x_pa8fg.oa8fg
                0x00000000800051e0                xdc_runtime_System_Module_GateProxy_leave__E
 .text.xdc_runtime_System_SupportProxy_abort__E
                0x000000008000520c       0x24 /home/ruan/ti/pdk_am335x_1_0_9/packages/MyExampleProjects/GPIO_LedBlink_bbbAM335x_armTestProject/Debug/configPkg/package/cfg/am335x_app_bbbam335x_pa8fg.oa8fg
                0x000000008000520c                xdc_runtime_System_SupportProxy_abort__E
 .text.xdc_runtime_System_SupportProxy_exit__E
                0x0000000080005230       0x24 /home/ruan/ti/pdk_am335x_1_0_9/packages/MyExampleProjects/GPIO_LedBlink_bbbAM335x_armTestProject/Debug/configPkg/package/cfg/am335x_app_bbbam335x_pa8fg.oa8fg
                0x0000000080005230                xdc_runtime_System_SupportProxy_exit__E
 .text.xdc_runtime_System_SupportProxy_putch__E
                0x0000000080005254       0x2c /home/ruan/ti/pdk_am335x_1_0_9/packages/MyExampleProjects/GPIO_LedBlink_bbbAM335x_armTestProject/Debug/configPkg/package/cfg/am335x_app_bbbam335x_pa8fg.oa8fg
                0x0000000080005254                xdc_runtime_System_SupportProxy_putch__E
 .text.xdc_runtime_System_SupportProxy_ready__E
                0x0000000080005280       0x18 /home/ruan/ti/pdk_am335x_1_0_9/packages/MyExampleProjects/GPIO_LedBlink_bbbAM335x_armTestProject/Debug/configPkg/package/cfg/am335x_app_bbbam335x_pa8fg.oa8fg
                0x0000000080005280                xdc_runtime_System_SupportProxy_ready__E
 .text.xdc_runtime_Timestamp_SupportProxy_get32__E
                0x0000000080005298       0x18 /home/ruan/ti/pdk_am335x_1_0_9/packages/MyExampleProjects/GPIO_LedBlink_bbbAM335x_armTestProject/Debug/configPkg/package/cfg/am335x_app_bbbam335x_pa8fg.oa8fg
                0x0000000080005298                xdc_runtime_Timestamp_SupportProxy_get32__E
 .text.xdc_runtime_Timestamp_SupportProxy_getFreq__E
                0x00000000800052b0       0x24 /home/ruan/ti/pdk_am335x_1_0_9/packages/MyExampleProjects/GPIO_LedBlink_bbbAM335x_armTestProject/Debug/configPkg/package/cfg/am335x_app_bbbam335x_pa8fg.oa8fg
                0x00000000800052b0                xdc_runtime_Timestamp_SupportProxy_getFreq__E
 .text.ti_sysbios_family_arm_TaskSupport_Module__startupDone__S
                0x00000000800052d4       0x1c /home/ruan/ti/pdk_am335x_1_0_9/packages/MyExampleProjects/GPIO_LedBlink_bbbAM335x_armTestProject/Debug/configPkg/package/cfg/am335x_app_bbbam335x_pa8fg.oa8fg
                0x00000000800052d4                ti_sysbios_family_arm_TaskSupport_Module__startupDone(void) static
 .text.ti_sysbios_family_arm_a8_intcps_Hwi_Module__startupDone__S
                0x00000000800052f0       0x18 /home/ruan/ti/pdk_am335x_1_0_9/packages/MyExampleProjects/GPIO_LedBlink_bbbAM335x_armTestProject/Debug/configPkg/package/cfg/am335x_app_bbbam335x_pa8fg.oa8fg
                0x00000000800052f0                ti_sysbios_family_arm_a8_intcps_Hwi_Module__startupDone(void) static
 .text.ti_sysbios_family_arm_a8_intcps_Hwi_Params__init__S
                0x0000000080005308       0x54 /home/ruan/ti/pdk_am335x_1_0_9/packages/MyExampleProjects/GPIO_LedBlink_bbbAM335x_armTestProject/Debug/configPkg/package/cfg/am335x_app_bbbam335x_pa8fg.oa8fg
                0x0000000080005308                ti_sysbios_family_arm_a8_intcps_Hwi_Params__init(void) static
 .text.ti_sysbios_family_arm_a8_intcps_Hwi_create
                0x000000008000535c       0xc8 /home/ruan/ti/pdk_am335x_1_0_9/packages/MyExampleProjects/GPIO_LedBlink_bbbAM335x_armTestProject/Debug/configPkg/package/cfg/am335x_app_bbbam335x_pa8fg.oa8fg
                0x000000008000535c                ti_sysbios_family_arm_a8_intcps_Hwi_create
 .text.ti_sysbios_family_arm_a8_intcps_Hwi_construct
                0x0000000080005424       0xa4 /home/ruan/ti/pdk_am335x_1_0_9/packages/MyExampleProjects/GPIO_LedBlink_bbbAM335x_armTestProject/Debug/configPkg/package/cfg/am335x_app_bbbam335x_pa8fg.oa8fg
                0x0000000080005424                ti_sysbios_family_arm_a8_intcps_Hwi_construct
 .text.ti_sysbios_family_arm_a8_intcps_Hwi_destruct
                0x00000000800054c8       0x40 /home/ruan/ti/pdk_am335x_1_0_9/packages/MyExampleProjects/GPIO_LedBlink_bbbAM335x_armTestProject/Debug/configPkg/package/cfg/am335x_app_bbbam335x_pa8fg.oa8fg
                0x00000000800054c8                ti_sysbios_family_arm_a8_intcps_Hwi_destruct
 .text.ti_sysbios_family_arm_a8_ti81xx_TimerSupport_Module__startupDone__S
                0x0000000080005508       0x18 /home/ruan/ti/pdk_am335x_1_0_9/packages/MyExampleProjects/GPIO_LedBlink_bbbAM335x_armTestProject/Debug/configPkg/package/cfg/am335x_app_bbbam335x_pa8fg.oa8fg
                0x0000000080005508                ti_sysbios_family_arm_a8_ti81xx_TimerSupport_Module__startupDone(void) static
 .text.ti_sysbios_gates_GateHwi_Handle__label__S
                0x0000000080005520       0x4c /home/ruan/ti/pdk_am335x_1_0_9/packages/MyExampleProjects/GPIO_LedBlink_bbbAM335x_armTestProject/Debug/configPkg/package/cfg/am335x_app_bbbam335x_pa8fg.oa8fg
                0x0000000080005520                ti_sysbios_gates_GateHwi_Handle__label(void) static
 .text.ti_sysbios_gates_GateHwi_Object__create__S
                0x000000008000556c       0x7c /home/ruan/ti/pdk_am335x_1_0_9/packages/MyExampleProjects/GPIO_LedBlink_bbbAM335x_armTestProject/Debug/configPkg/package/cfg/am335x_app_bbbam335x_pa8fg.oa8fg
                0x000000008000556c                ti_sysbios_gates_GateHwi_Object__create(void) static
 .text.ti_sysbios_gates_GateHwi_Object__delete__S
                0x00000000800055e8       0x4c /home/ruan/ti/pdk_am335x_1_0_9/packages/MyExampleProjects/GPIO_LedBlink_bbbAM335x_armTestProject/Debug/configPkg/package/cfg/am335x_app_bbbam335x_pa8fg.oa8fg
                0x00000000800055e8                ti_sysbios_gates_GateHwi_Object__delete(void) static
 .text.ti_sysbios_gates_GateMutex_Handle__label__S
                0x0000000080005634       0x4c /home/ruan/ti/pdk_am335x_1_0_9/packages/MyExampleProjects/GPIO_LedBlink_bbbAM335x_armTestProject/Debug/configPkg/package/cfg/am335x_app_bbbam335x_pa8fg.oa8fg
                0x0000000080005634                ti_sysbios_gates_GateMutex_Handle__label(void) static
 .text.ti_sysbios_gates_GateMutex_Object__create__S
                0x0000000080005680       0x7c /home/ruan/ti/pdk_am335x_1_0_9/packages/MyExampleProjects/GPIO_LedBlink_bbbAM335x_armTestProject/Debug/configPkg/package/cfg/am335x_app_bbbam335x_pa8fg.oa8fg
                0x0000000080005680                ti_sysbios_gates_GateMutex_Object__create(void) static
 .text.ti_sysbios_gates_GateMutex_Object__delete__S
                0x00000000800056fc       0x50 /home/ruan/ti/pdk_am335x_1_0_9/packages/MyExampleProjects/GPIO_LedBlink_bbbAM335x_armTestProject/Debug/configPkg/package/cfg/am335x_app_bbbam335x_pa8fg.oa8fg
                0x00000000800056fc                ti_sysbios_gates_GateMutex_Object__delete(void) static
 .text.ti_sysbios_heaps_HeapMem_Handle__label__S
                0x000000008000574c       0x4c /home/ruan/ti/pdk_am335x_1_0_9/packages/MyExampleProjects/GPIO_LedBlink_bbbAM335x_armTestProject/Debug/configPkg/package/cfg/am335x_app_bbbam335x_pa8fg.oa8fg
                0x000000008000574c                ti_sysbios_heaps_HeapMem_Handle__label(void) static
 .text.ti_sysbios_heaps_HeapMem_Object__get__S
                0x0000000080005798       0x74 /home/ruan/ti/pdk_am335x_1_0_9/packages/MyExampleProjects/GPIO_LedBlink_bbbAM335x_armTestProject/Debug/configPkg/package/cfg/am335x_app_bbbam335x_pa8fg.oa8fg
                0x0000000080005798                ti_sysbios_heaps_HeapMem_Object__get(void) static
 .text.ti_sysbios_heaps_HeapMem_Object__create__S
                0x000000008000580c       0x7c /home/ruan/ti/pdk_am335x_1_0_9/packages/MyExampleProjects/GPIO_LedBlink_bbbAM335x_armTestProject/Debug/configPkg/package/cfg/am335x_app_bbbam335x_pa8fg.oa8fg
                0x000000008000580c                ti_sysbios_heaps_HeapMem_Object__create(void) static
 .text.ti_sysbios_heaps_HeapMem_Object__delete__S
                0x0000000080005888       0x4c /home/ruan/ti/pdk_am335x_1_0_9/packages/MyExampleProjects/GPIO_LedBlink_bbbAM335x_armTestProject/Debug/configPkg/package/cfg/am335x_app_bbbam335x_pa8fg.oa8fg
                0x0000000080005888                ti_sysbios_heaps_HeapMem_Object__delete(void) static
 .text.ti_sysbios_knl_Clock_Params__init__S
                0x00000000800058d4       0x54 /home/ruan/ti/pdk_am335x_1_0_9/packages/MyExampleProjects/GPIO_LedBlink_bbbAM335x_armTestProject/Debug/configPkg/package/cfg/am335x_app_bbbam335x_pa8fg.oa8fg
                0x00000000800058d4                ti_sysbios_knl_Clock_Params__init(void) static
 .text.ti_sysbios_knl_Clock_create
                0x0000000080005928       0x80 /home/ruan/ti/pdk_am335x_1_0_9/packages/MyExampleProjects/GPIO_LedBlink_bbbAM335x_armTestProject/Debug/configPkg/package/cfg/am335x_app_bbbam335x_pa8fg.oa8fg
                0x0000000080005928                ti_sysbios_knl_Clock_create
 .text.ti_sysbios_knl_Queue_Object__get__S
                0x00000000800059a8       0x68 /home/ruan/ti/pdk_am335x_1_0_9/packages/MyExampleProjects/GPIO_LedBlink_bbbAM335x_armTestProject/Debug/configPkg/package/cfg/am335x_app_bbbam335x_pa8fg.oa8fg
                0x00000000800059a8                ti_sysbios_knl_Queue_Object__get(void) static
 .text.ti_sysbios_knl_Queue_construct
                0x0000000080005a10       0x58 /home/ruan/ti/pdk_am335x_1_0_9/packages/MyExampleProjects/GPIO_LedBlink_bbbAM335x_armTestProject/Debug/configPkg/package/cfg/am335x_app_bbbam335x_pa8fg.oa8fg
                0x0000000080005a10                ti_sysbios_knl_Queue_construct
 .text.ti_sysbios_knl_Queue_destruct
                0x0000000080005a68       0x3c /home/ruan/ti/pdk_am335x_1_0_9/packages/MyExampleProjects/GPIO_LedBlink_bbbAM335x_armTestProject/Debug/configPkg/package/cfg/am335x_app_bbbam335x_pa8fg.oa8fg
                0x0000000080005a68                ti_sysbios_knl_Queue_destruct
 .text.ti_sysbios_knl_Semaphore_Params__init__S
                0x0000000080005aa4       0x54 /home/ruan/ti/pdk_am335x_1_0_9/packages/MyExampleProjects/GPIO_LedBlink_bbbAM335x_armTestProject/Debug/configPkg/package/cfg/am335x_app_bbbam335x_pa8fg.oa8fg
                0x0000000080005aa4                ti_sysbios_knl_Semaphore_Params__init(void) static
 .text.ti_sysbios_knl_Semaphore_create
                0x0000000080005af8       0x7c /home/ruan/ti/pdk_am335x_1_0_9/packages/MyExampleProjects/GPIO_LedBlink_bbbAM335x_armTestProject/Debug/configPkg/package/cfg/am335x_app_bbbam335x_pa8fg.oa8fg
                0x0000000080005af8                ti_sysbios_knl_Semaphore_create
 .text.ti_sysbios_knl_Semaphore_construct
                0x0000000080005b74       0x60 /home/ruan/ti/pdk_am335x_1_0_9/packages/MyExampleProjects/GPIO_LedBlink_bbbAM335x_armTestProject/Debug/configPkg/package/cfg/am335x_app_bbbam335x_pa8fg.oa8fg
                0x0000000080005b74                ti_sysbios_knl_Semaphore_construct
 .text.ti_sysbios_knl_Semaphore_destruct
                0x0000000080005bd4       0x40 /home/ruan/ti/pdk_am335x_1_0_9/packages/MyExampleProjects/GPIO_LedBlink_bbbAM335x_armTestProject/Debug/configPkg/package/cfg/am335x_app_bbbam335x_pa8fg.oa8fg
                0x0000000080005bd4                ti_sysbios_knl_Semaphore_destruct
 .text.ti_sysbios_knl_Swi_Params__init__S
                0x0000000080005c14       0x54 /home/ruan/ti/pdk_am335x_1_0_9/packages/MyExampleProjects/GPIO_LedBlink_bbbAM335x_armTestProject/Debug/configPkg/package/cfg/am335x_app_bbbam335x_pa8fg.oa8fg
                0x0000000080005c14                ti_sysbios_knl_Swi_Params__init(void) static
 .text.ti_sysbios_knl_Swi_create
                0x0000000080005c68       0xb8 /home/ruan/ti/pdk_am335x_1_0_9/packages/MyExampleProjects/GPIO_LedBlink_bbbAM335x_armTestProject/Debug/configPkg/package/cfg/am335x_app_bbbam335x_pa8fg.oa8fg
                0x0000000080005c68                ti_sysbios_knl_Swi_create
 .text.ti_sysbios_knl_Task_Params__init__S
                0x0000000080005d20       0x54 /home/ruan/ti/pdk_am335x_1_0_9/packages/MyExampleProjects/GPIO_LedBlink_bbbAM335x_armTestProject/Debug/configPkg/package/cfg/am335x_app_bbbam335x_pa8fg.oa8fg
                0x0000000080005d20                ti_sysbios_knl_Task_Params__init(void) static
 .text.ti_sysbios_knl_Task_Object__get__S
                0x0000000080005d74       0x70 /home/ruan/ti/pdk_am335x_1_0_9/packages/MyExampleProjects/GPIO_LedBlink_bbbAM335x_armTestProject/Debug/configPkg/package/cfg/am335x_app_bbbam335x_pa8fg.oa8fg
                0x0000000080005d74                ti_sysbios_knl_Task_Object__get(void) static
 .text.ti_sysbios_knl_Task_create
                0x0000000080005de4       0xb8 /home/ruan/ti/pdk_am335x_1_0_9/packages/MyExampleProjects/GPIO_LedBlink_bbbAM335x_armTestProject/Debug/configPkg/package/cfg/am335x_app_bbbam335x_pa8fg.oa8fg
                0x0000000080005de4                ti_sysbios_knl_Task_create
 .text.ti_sysbios_timers_dmtimer_Timer_Module__startupDone__S
                0x0000000080005e9c       0x18 /home/ruan/ti/pdk_am335x_1_0_9/packages/MyExampleProjects/GPIO_LedBlink_bbbAM335x_armTestProject/Debug/configPkg/package/cfg/am335x_app_bbbam335x_pa8fg.oa8fg
                0x0000000080005e9c                ti_sysbios_timers_dmtimer_Timer_Module__startupDone(void) static
 .text.ti_sysbios_family_arm_TaskSupport_buildTaskStack
                0x0000000080005eb4       0x7c /home/ruan/ti/pdk_am335x_1_0_9/packages/ti/drv/gpio/test/led_blink/am335x/armv7/bios/src/sysbios/sysbios.aa8fg(arm_TaskSupport_asm_gnu.o)
                0x0000000080005eb4                ti_sysbios_family_arm_TaskSupport_buildTaskStack
 .text.ti_sysbios_family_arm_TaskSupport_swap__E
                0x0000000080005f30       0x18 /home/ruan/ti/pdk_am335x_1_0_9/packages/ti/drv/gpio/test/led_blink/am335x/armv7/bios/src/sysbios/sysbios.aa8fg(arm_TaskSupport_asm_gnu.o)
                0x0000000080005f30                ti_sysbios_family_arm_TaskSupport_swap__E
 .text.ti_sysbios_family_arm_TaskSupport_glue
                0x0000000080005f48       0x1c /home/ruan/ti/pdk_am335x_1_0_9/packages/ti/drv/gpio/test/led_blink/am335x/armv7/bios/src/sysbios/sysbios.aa8fg(arm_TaskSupport_asm_gnu.o)
                0x0000000080005f48                ti_sysbios_family_arm_TaskSupport_glue
 .text.ti_sysbios_family_arm_a8_Cache_disableL1d__I
                0x0000000080005f64       0x1c /home/ruan/ti/pdk_am335x_1_0_9/packages/ti/drv/gpio/test/led_blink/am335x/armv7/bios/src/sysbios/sysbios.aa8fg(a8_Cache_asm_gnu.o)
                0x0000000080005f64                ti_sysbios_family_arm_a8_Cache_disableL1d(int0_t)
 .text.ti_sysbios_family_arm_a8_Cache_disableL1p__I
                0x0000000080005f80       0x14 /home/ruan/ti/pdk_am335x_1_0_9/packages/ti/drv/gpio/test/led_blink/am335x/armv7/bios/src/sysbios/sysbios.aa8fg(a8_Cache_asm_gnu.o)
                0x0000000080005f80                ti_sysbios_family_arm_a8_Cache_disableL1p(int0_t)
 .text.ti_sysbios_family_arm_a8_Cache_disableL2__I
                0x0000000080005f94       0x10 /home/ruan/ti/pdk_am335x_1_0_9/packages/ti/drv/gpio/test/led_blink/am335x/armv7/bios/src/sysbios/sysbios.aa8fg(a8_Cache_asm_gnu.o)
                0x0000000080005f94                ti_sysbios_family_arm_a8_Cache_disableL2(int0_t)
 .text.ti_sysbios_family_arm_a8_Cache_enableL1d__I
                0x0000000080005fa4       0x10 /home/ruan/ti/pdk_am335x_1_0_9/packages/ti/drv/gpio/test/led_blink/am335x/armv7/bios/src/sysbios/sysbios.aa8fg(a8_Cache_asm_gnu.o)
                0x0000000080005fa4                ti_sysbios_family_arm_a8_Cache_enableL1d(int0_t)
 .text.ti_sysbios_family_arm_a8_Cache_enableL1p__I
                0x0000000080005fb4       0x14 /home/ruan/ti/pdk_am335x_1_0_9/packages/ti/drv/gpio/test/led_blink/am335x/armv7/bios/src/sysbios/sysbios.aa8fg(a8_Cache_asm_gnu.o)
                0x0000000080005fb4                ti_sysbios_family_arm_a8_Cache_enableL1p(int0_t)
 .text.ti_sysbios_family_arm_a8_Cache_enableL2__I
                0x0000000080005fc8       0x10 /home/ruan/ti/pdk_am335x_1_0_9/packages/ti/drv/gpio/test/led_blink/am335x/armv7/bios/src/sysbios/sysbios.aa8fg(a8_Cache_asm_gnu.o)
                0x0000000080005fc8                ti_sysbios_family_arm_a8_Cache_enableL2(int0_t)
 .text.ti_sysbios_family_arm_a8_Cache_invL1dAll__E
                0x0000000080005fd8       0x94 /home/ruan/ti/pdk_am335x_1_0_9/packages/ti/drv/gpio/test/led_blink/am335x/armv7/bios/src/sysbios/sysbios.aa8fg(a8_Cache_asm_gnu.o)
                0x0000000080005fd8                ti_sysbios_family_arm_a8_Cache_invL1dAll__E
 .text.ti_sysbios_family_arm_a8_Cache_invL1pAll__E
                0x000000008000606c        0x8 /home/ruan/ti/pdk_am335x_1_0_9/packages/ti/drv/gpio/test/led_blink/am335x/armv7/bios/src/sysbios/sysbios.aa8fg(a8_Cache_asm_gnu.o)
                0x000000008000606c                ti_sysbios_family_arm_a8_Cache_invL1pAll__E
 .text.ti_sysbios_family_arm_a8_Cache_wbInvAll__E
                0x0000000080006074       0x94 /home/ruan/ti/pdk_am335x_1_0_9/packages/ti/drv/gpio/test/led_blink/am335x/armv7/bios/src/sysbios/sysbios.aa8fg(a8_Cache_asm_gnu.o)
                0x0000000080006074                ti_sysbios_family_arm_a8_Cache_wbInvAll__E
 .text.ti_sysbios_family_arm_a8_Cache_getEnabled__E
                0x0000000080006108       0x38 /home/ruan/ti/pdk_am335x_1_0_9/packages/ti/drv/gpio/test/led_blink/am335x/armv7/bios/src/sysbios/sysbios.aa8fg(a8_Cache_asm_gnu.o)
                0x0000000080006108                ti_sysbios_family_arm_a8_Cache_getEnabled__E
 .text.ti_sysbios_family_arm_a8_Cache_getCacheLevelInfo__I
                0x0000000080006140        0xc /home/ruan/ti/pdk_am335x_1_0_9/packages/ti/drv/gpio/test/led_blink/am335x/armv7/bios/src/sysbios/sysbios.aa8fg(a8_Cache_asm_gnu.o)
                0x0000000080006140                ti_sysbios_family_arm_a8_Cache_getCacheLevelInfo(int0_t)
 .text.ti_sysbios_family_arm_a8_Cache_getLockdownReg__I
                0x000000008000614c        0x8 /home/ruan/ti/pdk_am335x_1_0_9/packages/ti/drv/gpio/test/led_blink/am335x/armv7/bios/src/sysbios/sysbios.aa8fg(a8_Cache_asm_gnu.o)
                0x000000008000614c                ti_sysbios_family_arm_a8_Cache_getLockdownReg(int0_t)
 .text.ti_sysbios_family_arm_a8_Cache_setLockdownReg__I
                0x0000000080006154        0x8 /home/ruan/ti/pdk_am335x_1_0_9/packages/ti/drv/gpio/test/led_blink/am335x/armv7/bios/src/sysbios/sysbios.aa8fg(a8_Cache_asm_gnu.o)
                0x0000000080006154                ti_sysbios_family_arm_a8_Cache_setLockdownReg(int0_t)
 .text.ti_sysbios_family_arm_a8_Cache_disableBP__E
                0x000000008000615c       0x1c /home/ruan/ti/pdk_am335x_1_0_9/packages/ti/drv/gpio/test/led_blink/am335x/armv7/bios/src/sysbios/sysbios.aa8fg(a8_Cache_asm_gnu.o)
                0x000000008000615c                ti_sysbios_family_arm_a8_Cache_disableBP__E
 .text.ti_sysbios_family_arm_a8_Cache_enableBP__E
                0x0000000080006178       0x1c /home/ruan/ti/pdk_am335x_1_0_9/packages/ti/drv/gpio/test/led_blink/am335x/armv7/bios/src/sysbios/sysbios.aa8fg(a8_Cache_asm_gnu.o)
                0x0000000080006178                ti_sysbios_family_arm_a8_Cache_enableBP__E
 .text.ti_sysbios_family_arm_a8_TimestampProvider_get32__E
                0x0000000080006194        0x8 /home/ruan/ti/pdk_am335x_1_0_9/packages/ti/drv/gpio/test/led_blink/am335x/armv7/bios/src/sysbios/sysbios.aa8fg(a8_TimestampProvider_asm_gnu.o)
                0x0000000080006194                ti_sysbios_family_arm_a8_TimestampProvider_get32__E
 .text.ti_sysbios_family_arm_a8_TimestampProvider_initCCNT__I
                0x000000008000619c       0x1c /home/ruan/ti/pdk_am335x_1_0_9/packages/ti/drv/gpio/test/led_blink/am335x/armv7/bios/src/sysbios/sysbios.aa8fg(a8_TimestampProvider_asm_gnu.o)
                0x000000008000619c                ti_sysbios_family_arm_a8_TimestampProvider_initCCNT(int0_t)
 .text.ti_sysbios_family_arm_a8_intcps_Hwi_dispatchIRQ__I
                0x00000000800061b8       0xbc /home/ruan/ti/pdk_am335x_1_0_9/packages/ti/drv/gpio/test/led_blink/am335x/armv7/bios/src/sysbios/sysbios.aa8fg(intcps_Hwi_asm_gnu.o)
                0x00000000800061b8                ti_sysbios_family_arm_a8_intcps_Hwi_dispatchIRQ(int0_t)
 .text.ti_sysbios_family_arm_a8_intcps_Hwi_init__I
                0x0000000080006274       0x24 /home/ruan/ti/pdk_am335x_1_0_9/packages/ti/drv/gpio/test/led_blink/am335x/armv7/bios/src/sysbios/sysbios.aa8fg(intcps_Hwi_asm_gnu.o)
                0x0000000080006274                ti_sysbios_family_arm_a8_intcps_Hwi_init(int0_t)
 .text.ti_sysbios_family_arm_a8_intcps_Hwi_initVbar__I
                0x0000000080006298       0x10 /home/ruan/ti/pdk_am335x_1_0_9/packages/ti/drv/gpio/test/led_blink/am335x/armv7/bios/src/sysbios/sysbios.aa8fg(intcps_Hwi_asm_gnu.o)
                0x0000000080006298                ti_sysbios_family_arm_a8_intcps_Hwi_initVbar(int0_t)
 .text.ti_sysbios_family_arm_exc_Exception_excHandlerAsm__I
                0x00000000800062a8       0x68 /home/ruan/ti/pdk_am335x_1_0_9/packages/ti/drv/gpio/test/led_blink/am335x/armv7/bios/src/sysbios/sysbios.aa8fg(exc_Exception_asm_gnu.o)
                0x00000000800062a8                ti_sysbios_family_arm_exc_Exception_excHandlerAsm(int0_t)
 .text.ti_sysbios_family_arm_exc_Exception_excHandlerDataAsm__I
                0x0000000080006310       0x6c /home/ruan/ti/pdk_am335x_1_0_9/packages/ti/drv/gpio/test/led_blink/am335x/armv7/bios/src/sysbios/sysbios.aa8fg(exc_Exception_asm_gnu.o)
                0x0000000080006310                ti_sysbios_family_arm_exc_Exception_excHandlerDataAsm(int0_t)
 .text.ti_sysbios_family_arm_exc_Exception_initCore0__I
                0x000000008000637c       0x64 /home/ruan/ti/pdk_am335x_1_0_9/packages/ti/drv/gpio/test/led_blink/am335x/armv7/bios/src/sysbios/sysbios.aa8fg(exc_Exception_asm_gnu.o)
                0x000000008000637c                ti_sysbios_family_arm_exc_Exception_initCore0(int0_t)
 .text.ti_sysbios_BIOS_linkedWithIncorrectBootLibrary__E
                0x00000000800063e0        0x4 /home/ruan/ti/pdk_am335x_1_0_9/packages/ti/drv/gpio/test/led_blink/am335x/armv7/bios/src/sysbios/sysbios.aa8fg(_BIOS.o)
                0x00000000800063e0                ti_sysbios_BIOS_linkedWithIncorrectBootLibrary__E
 .text.ti_sysbios_BIOS_getThreadType__E
                0x00000000800063e4       0x10 /home/ruan/ti/pdk_am335x_1_0_9/packages/ti/drv/gpio/test/led_blink/am335x/armv7/bios/src/sysbios/sysbios.aa8fg(_BIOS.o)
                0x00000000800063e4                ti_sysbios_BIOS_getThreadType__E
 .text.ti_sysbios_BIOS_setThreadType__E
                0x00000000800063f4       0x18 /home/ruan/ti/pdk_am335x_1_0_9/packages/ti/drv/gpio/test/led_blink/am335x/armv7/bios/src/sysbios/sysbios.aa8fg(_BIOS.o)
                0x00000000800063f4                ti_sysbios_BIOS_setThreadType__E
 .text.ti_sysbios_BIOS_getCpuFreq__E
                0x000000008000640c       0x1c /home/ruan/ti/pdk_am335x_1_0_9/packages/ti/drv/gpio/test/led_blink/am335x/armv7/bios/src/sysbios/sysbios.aa8fg(_BIOS.o)
                0x000000008000640c                ti_sysbios_BIOS_getCpuFreq__E
 .text.ti_sysbios_BIOS_start__E
                0x0000000080006428       0x10 /home/ruan/ti/pdk_am335x_1_0_9/packages/ti/drv/gpio/test/led_blink/am335x/armv7/bios/src/sysbios/sysbios.aa8fg(_BIOS.o)
                0x0000000080006428                ti_sysbios_BIOS_start__E
 .text.ti_sysbios_BIOS_exit__E
                0x0000000080006438       0x10 /home/ruan/ti/pdk_am335x_1_0_9/packages/ti/drv/gpio/test/led_blink/am335x/armv7/bios/src/sysbios/sysbios.aa8fg(_BIOS.o)
                0x0000000080006438                ti_sysbios_BIOS_exit__E
 .text.ti_sysbios_family_arm_IntrinsicsSupport_maxbit__E
                0x0000000080006448        0x4 /home/ruan/ti/pdk_am335x_1_0_9/packages/ti/drv/gpio/test/led_blink/am335x/armv7/bios/src/sysbios/sysbios.aa8fg(arm_IntrinsicsSupport.o)
                0x0000000080006448                ti_sysbios_family_arm_IntrinsicsSupport_maxbit__E
 .text.ti_sysbios_family_arm_TaskSupport_start__E
                0x000000008000644c       0x3c /home/ruan/ti/pdk_am335x_1_0_9/packages/ti/drv/gpio/test/led_blink/am335x/armv7/bios/src/sysbios/sysbios.aa8fg(arm_TaskSupport.o)
                0x000000008000644c                ti_sysbios_family_arm_TaskSupport_start__E
 .text.ti_sysbios_family_arm_TaskSupport_getStackAlignment__E
                0x0000000080006488       0x10 /home/ruan/ti/pdk_am335x_1_0_9/packages/ti/drv/gpio/test/led_blink/am335x/armv7/bios/src/sysbios/sysbios.aa8fg(arm_TaskSupport.o)
                0x0000000080006488                ti_sysbios_family_arm_TaskSupport_getStackAlignment__E
 .text.ti_sysbios_knl_Clock_Module_startup__E
                0x0000000080006498       0x34 /home/ruan/ti/pdk_am335x_1_0_9/packages/ti/drv/gpio/test/led_blink/am335x/armv7/bios/src/sysbios/sysbios.aa8fg(knl_Clock.o)
                0x0000000080006498                ti_sysbios_knl_Clock_Module_startup__E
 .text.ti_sysbios_knl_Clock_workFunc__E
                0x00000000800064cc       0xd0 /home/ruan/ti/pdk_am335x_1_0_9/packages/ti/drv/gpio/test/led_blink/am335x/armv7/bios/src/sysbios/sysbios.aa8fg(knl_Clock.o)
                0x00000000800064cc                ti_sysbios_knl_Clock_workFunc__E
 .text.ti_sysbios_knl_Clock_Instance_init__E
                0x000000008000659c       0x7c /home/ruan/ti/pdk_am335x_1_0_9/packages/ti/drv/gpio/test/led_blink/am335x/armv7/bios/src/sysbios/sysbios.aa8fg(knl_Clock.o)
                0x000000008000659c                ti_sysbios_knl_Clock_Instance_init__E
 .text.ti_sysbios_knl_Clock_addI__E
                0x0000000080006618       0x44 /home/ruan/ti/pdk_am335x_1_0_9/packages/ti/drv/gpio/test/led_blink/am335x/armv7/bios/src/sysbios/sysbios.aa8fg(knl_Clock.o)
                0x0000000080006618                ti_sysbios_knl_Clock_addI__E
 .text.ti_sysbios_knl_Clock_removeI__E
                0x000000008000665c        0x4 /home/ruan/ti/pdk_am335x_1_0_9/packages/ti/drv/gpio/test/led_blink/am335x/armv7/bios/src/sysbios/sysbios.aa8fg(knl_Clock.o)
                0x000000008000665c                ti_sysbios_knl_Clock_removeI__E
 .text.ti_sysbios_knl_Clock_startI__E
                0x0000000080006660       0x24 /home/ruan/ti/pdk_am335x_1_0_9/packages/ti/drv/gpio/test/led_blink/am335x/armv7/bios/src/sysbios/sysbios.aa8fg(knl_Clock.o)
                0x0000000080006660                ti_sysbios_knl_Clock_startI__E
 .text.ti_sysbios_knl_Clock_stop__E
                0x0000000080006684        0xc /home/ruan/ti/pdk_am335x_1_0_9/packages/ti/drv/gpio/test/led_blink/am335x/armv7/bios/src/sysbios/sysbios.aa8fg(knl_Clock.o)
                0x0000000080006684                ti_sysbios_knl_Clock_stop__E
 .text.ti_sysbios_knl_Clock_logTick__E
                0x0000000080006690        0x4 /home/ruan/ti/pdk_am335x_1_0_9/packages/ti/drv/gpio/test/led_blink/am335x/armv7/bios/src/sysbios/sysbios.aa8fg(knl_Clock.o)
                0x0000000080006690                ti_sysbios_knl_Clock_logTick__E
 .text.ti_sysbios_knl_Queue_Instance_init__E
                0x0000000080006694        0xc /home/ruan/ti/pdk_am335x_1_0_9/packages/ti/drv/gpio/test/led_blink/am335x/armv7/bios/src/sysbios/sysbios.aa8fg(knl_Queue.o)
                0x0000000080006694                ti_sysbios_knl_Queue_Instance_init__E
 .text.ti_sysbios_knl_Queue_dequeue__E
                0x00000000800066a0       0x18 /home/ruan/ti/pdk_am335x_1_0_9/packages/ti/drv/gpio/test/led_blink/am335x/armv7/bios/src/sysbios/sysbios.aa8fg(knl_Queue.o)
                0x00000000800066a0                ti_sysbios_knl_Queue_dequeue__E
 .text.ti_sysbios_knl_Queue_empty__E
                0x00000000800066b8       0x14 /home/ruan/ti/pdk_am335x_1_0_9/packages/ti/drv/gpio/test/led_blink/am335x/armv7/bios/src/sysbios/sysbios.aa8fg(knl_Queue.o)
                0x00000000800066b8                ti_sysbios_knl_Queue_empty__E
 .text.ti_sysbios_knl_Queue_enqueue__E
                0x00000000800066cc       0x18 /home/ruan/ti/pdk_am335x_1_0_9/packages/ti/drv/gpio/test/led_blink/am335x/armv7/bios/src/sysbios/sysbios.aa8fg(knl_Queue.o)
                0x00000000800066cc                ti_sysbios_knl_Queue_enqueue__E
 .text.ti_sysbios_knl_Queue_head__E
                0x00000000800066e4        0x8 /home/ruan/ti/pdk_am335x_1_0_9/packages/ti/drv/gpio/test/led_blink/am335x/armv7/bios/src/sysbios/sysbios.aa8fg(knl_Queue.o)
                0x00000000800066e4                ti_sysbios_knl_Queue_head__E
 .text.ti_sysbios_knl_Queue_elemClear__E
                0x00000000800066ec        0xc /home/ruan/ti/pdk_am335x_1_0_9/packages/ti/drv/gpio/test/led_blink/am335x/armv7/bios/src/sysbios/sysbios.aa8fg(knl_Queue.o)
                0x00000000800066ec                ti_sysbios_knl_Queue_elemClear__E
 .text.ti_sysbios_knl_Queue_insert__E
                0x00000000800066f8       0x18 /home/ruan/ti/pdk_am335x_1_0_9/packages/ti/drv/gpio/test/led_blink/am335x/armv7/bios/src/sysbios/sysbios.aa8fg(knl_Queue.o)
                0x00000000800066f8                ti_sysbios_knl_Queue_insert__E
 .text.ti_sysbios_knl_Queue_next__E
                0x0000000080006710        0x8 /home/ruan/ti/pdk_am335x_1_0_9/packages/ti/drv/gpio/test/led_blink/am335x/armv7/bios/src/sysbios/sysbios.aa8fg(knl_Queue.o)
                0x0000000080006710                ti_sysbios_knl_Queue_next__E
 .text.ti_sysbios_knl_Queue_put__E
                0x0000000080006718       0x30 /home/ruan/ti/pdk_am335x_1_0_9/packages/ti/drv/gpio/test/led_blink/am335x/armv7/bios/src/sysbios/sysbios.aa8fg(knl_Queue.o)
                0x0000000080006718                ti_sysbios_knl_Queue_put__E
 .text.ti_sysbios_knl_Queue_remove__E
                0x0000000080006748       0x1c /home/ruan/ti/pdk_am335x_1_0_9/packages/ti/drv/gpio/test/led_blink/am335x/armv7/bios/src/sysbios/sysbios.aa8fg(knl_Queue.o)
                0x0000000080006748                ti_sysbios_knl_Queue_remove__E
 .text.ti_sysbios_knl_Semaphore_pendTimeout__I
                0x0000000080006764       0x50 /home/ruan/ti/pdk_am335x_1_0_9/packages/ti/drv/gpio/test/led_blink/am335x/armv7/bios/src/sysbios/sysbios.aa8fg(knl_Semaphore.o)
                0x0000000080006764                ti_sysbios_knl_Semaphore_pendTimeout(int0_t)
 .text.ti_sysbios_knl_Semaphore_Instance_init__E
                0x00000000800067b4       0x40 /home/ruan/ti/pdk_am335x_1_0_9/packages/ti/drv/gpio/test/led_blink/am335x/armv7/bios/src/sysbios/sysbios.aa8fg(knl_Semaphore.o)
                0x00000000800067b4                ti_sysbios_knl_Semaphore_Instance_init__E
 .text.ti_sysbios_knl_Semaphore_Instance_finalize__E
                0x00000000800067f4       0x14 /home/ruan/ti/pdk_am335x_1_0_9/packages/ti/drv/gpio/test/led_blink/am335x/armv7/bios/src/sysbios/sysbios.aa8fg(knl_Semaphore.o)
                0x00000000800067f4                ti_sysbios_knl_Semaphore_Instance_finalize__E
 .text.ti_sysbios_knl_Semaphore_pend__E
                0x0000000080006808      0x1cc /home/ruan/ti/pdk_am335x_1_0_9/packages/ti/drv/gpio/test/led_blink/am335x/armv7/bios/src/sysbios/sysbios.aa8fg(knl_Semaphore.o)
                0x0000000080006808                ti_sysbios_knl_Semaphore_pend__E
 .text.ti_sysbios_knl_Semaphore_post__E
                0x00000000800069d4       0xa4 /home/ruan/ti/pdk_am335x_1_0_9/packages/ti/drv/gpio/test/led_blink/am335x/armv7/bios/src/sysbios/sysbios.aa8fg(knl_Semaphore.o)
                0x00000000800069d4                ti_sysbios_knl_Semaphore_post__E
 .text.ti_sysbios_knl_Swi_runLoop__I
                0x0000000080006a78      0x10c /home/ruan/ti/pdk_am335x_1_0_9/packages/ti/drv/gpio/test/led_blink/am335x/armv7/bios/src/sysbios/sysbios.aa8fg(knl_Swi.o)
                0x0000000080006a78                ti_sysbios_knl_Swi_runLoop(int0_t)
 .text.ti_sysbios_knl_Swi_Module_startup__E
                0x0000000080006b84        0x8 /home/ruan/ti/pdk_am335x_1_0_9/packages/ti/drv/gpio/test/led_blink/am335x/armv7/bios/src/sysbios/sysbios.aa8fg(knl_Swi.o)
                0x0000000080006b84                ti_sysbios_knl_Swi_Module_startup__E
 .text.ti_sysbios_knl_Swi_disable__E
                0x0000000080006b8c       0x28 /home/ruan/ti/pdk_am335x_1_0_9/packages/ti/drv/gpio/test/led_blink/am335x/armv7/bios/src/sysbios/sysbios.aa8fg(knl_Swi.o)
                0x0000000080006b8c                ti_sysbios_knl_Swi_disable__E
 .text.ti_sysbios_knl_Swi_enable__E
                0x0000000080006bb4       0xd0 /home/ruan/ti/pdk_am335x_1_0_9/packages/ti/drv/gpio/test/led_blink/am335x/armv7/bios/src/sysbios/sysbios.aa8fg(knl_Swi.o)
                0x0000000080006bb4                ti_sysbios_knl_Swi_enable__E
 .text.ti_sysbios_knl_Swi_restoreHwi__E
                0x0000000080006c84      0x120 /home/ruan/ti/pdk_am335x_1_0_9/packages/ti/drv/gpio/test/led_blink/am335x/armv7/bios/src/sysbios/sysbios.aa8fg(knl_Swi.o)
                0x0000000080006c84                ti_sysbios_knl_Swi_restoreHwi__E
 .text.ti_sysbios_knl_Swi_Instance_init__E
                0x0000000080006da4       0x80 /home/ruan/ti/pdk_am335x_1_0_9/packages/ti/drv/gpio/test/led_blink/am335x/armv7/bios/src/sysbios/sysbios.aa8fg(knl_Swi.o)
                0x0000000080006da4                ti_sysbios_knl_Swi_Instance_init__E
 .text.ti_sysbios_knl_Swi_Instance_finalize__E
                0x0000000080006e24        0x4 /home/ruan/ti/pdk_am335x_1_0_9/packages/ti/drv/gpio/test/led_blink/am335x/armv7/bios/src/sysbios/sysbios.aa8fg(knl_Swi.o)
                0x0000000080006e24                ti_sysbios_knl_Swi_Instance_finalize__E
 .text.ti_sysbios_knl_Task_sleepTimeout__I
                0x0000000080006e28       0xa0 /home/ruan/ti/pdk_am335x_1_0_9/packages/ti/drv/gpio/test/led_blink/am335x/armv7/bios/src/sysbios/sysbios.aa8fg(knl_Task.o)
                0x0000000080006e28                ti_sysbios_knl_Task_sleepTimeout(int0_t)
 .text.ti_sysbios_knl_Task_schedule__I
                0x0000000080006ec8      0x13c /home/ruan/ti/pdk_am335x_1_0_9/packages/ti/drv/gpio/test/led_blink/am335x/armv7/bios/src/sysbios/sysbios.aa8fg(knl_Task.o)
                0x0000000080006ec8                ti_sysbios_knl_Task_schedule(int0_t)
 .text.ti_sysbios_knl_Task_enter__I
                0x0000000080007004       0x38 /home/ruan/ti/pdk_am335x_1_0_9/packages/ti/drv/gpio/test/led_blink/am335x/armv7/bios/src/sysbios/sysbios.aa8fg(knl_Task.o)
                0x0000000080007004                ti_sysbios_knl_Task_enter(int0_t)
 .text.ti_sysbios_knl_Task_exit__E
                0x000000008000703c      0x160 /home/ruan/ti/pdk_am335x_1_0_9/packages/ti/drv/gpio/test/led_blink/am335x/armv7/bios/src/sysbios/sysbios.aa8fg(knl_Task.o)
                0x000000008000703c                ti_sysbios_knl_Task_exit__E
 .text.ti_sysbios_knl_Task_postInit__I.constprop.3
                0x000000008000719c      0x224 /home/ruan/ti/pdk_am335x_1_0_9/packages/ti/drv/gpio/test/led_blink/am335x/armv7/bios/src/sysbios/sysbios.aa8fg(knl_Task.o)
 .text.ti_sysbios_knl_Task_Module_startup__E
                0x00000000800073c0       0xc8 /home/ruan/ti/pdk_am335x_1_0_9/packages/ti/drv/gpio/test/led_blink/am335x/armv7/bios/src/sysbios/sysbios.aa8fg(knl_Task.o)
                0x00000000800073c0                ti_sysbios_knl_Task_Module_startup__E
 .text.ti_sysbios_knl_Task_startCore__E
                0x0000000080007488      0x124 /home/ruan/ti/pdk_am335x_1_0_9/packages/ti/drv/gpio/test/led_blink/am335x/armv7/bios/src/sysbios/sysbios.aa8fg(knl_Task.o)
                0x0000000080007488                ti_sysbios_knl_Task_startCore__E
 .text.ti_sysbios_knl_Task_startup__E
                0x00000000800075ac        0x8 /home/ruan/ti/pdk_am335x_1_0_9/packages/ti/drv/gpio/test/led_blink/am335x/armv7/bios/src/sysbios/sysbios.aa8fg(knl_Task.o)
                0x00000000800075ac                ti_sysbios_knl_Task_startup__E
 .text.ti_sysbios_knl_Task_disable__E
                0x00000000800075b4       0x28 /home/ruan/ti/pdk_am335x_1_0_9/packages/ti/drv/gpio/test/led_blink/am335x/armv7/bios/src/sysbios/sysbios.aa8fg(knl_Task.o)
                0x00000000800075b4                ti_sysbios_knl_Task_disable__E
 .text.ti_sysbios_knl_Task_restore__E
                0x00000000800075dc       0x48 /home/ruan/ti/pdk_am335x_1_0_9/packages/ti/drv/gpio/test/led_blink/am335x/armv7/bios/src/sysbios/sysbios.aa8fg(knl_Task.o)
                0x00000000800075dc                ti_sysbios_knl_Task_restore__E
 .text.ti_sysbios_knl_Task_restoreHwi__E
                0x0000000080007624       0x40 /home/ruan/ti/pdk_am335x_1_0_9/packages/ti/drv/gpio/test/led_blink/am335x/armv7/bios/src/sysbios/sysbios.aa8fg(knl_Task.o)
                0x0000000080007624                ti_sysbios_knl_Task_restoreHwi__E
 .text.ti_sysbios_knl_Task_self__E
                0x0000000080007664       0x10 /home/ruan/ti/pdk_am335x_1_0_9/packages/ti/drv/gpio/test/led_blink/am335x/armv7/bios/src/sysbios/sysbios.aa8fg(knl_Task.o)
                0x0000000080007664                ti_sysbios_knl_Task_self__E
 .text.ti_sysbios_knl_Task_sleep__E
                0x0000000080007674      0x14c /home/ruan/ti/pdk_am335x_1_0_9/packages/ti/drv/gpio/test/led_blink/am335x/armv7/bios/src/sysbios/sysbios.aa8fg(knl_Task.o)
                0x0000000080007674                ti_sysbios_knl_Task_sleep__E
 .text.ti_sysbios_knl_Task_yield__E
                0x00000000800077c0       0xb4 /home/ruan/ti/pdk_am335x_1_0_9/packages/ti/drv/gpio/test/led_blink/am335x/armv7/bios/src/sysbios/sysbios.aa8fg(knl_Task.o)
                0x00000000800077c0                ti_sysbios_knl_Task_yield__E
 .text.ti_sysbios_knl_Task_postInit__I
                0x0000000080007874      0x24c /home/ruan/ti/pdk_am335x_1_0_9/packages/ti/drv/gpio/test/led_blink/am335x/armv7/bios/src/sysbios/sysbios.aa8fg(knl_Task.o)
                0x0000000080007874                ti_sysbios_knl_Task_postInit(int0_t)
 .text.ti_sysbios_knl_Task_Instance_init__E
                0x0000000080007ac0      0x170 /home/ruan/ti/pdk_am335x_1_0_9/packages/ti/drv/gpio/test/led_blink/am335x/armv7/bios/src/sysbios/sysbios.aa8fg(knl_Task.o)
                0x0000000080007ac0                ti_sysbios_knl_Task_Instance_init__E
 .text.ti_sysbios_knl_Task_Instance_finalize__E
                0x0000000080007c30      0x24c /home/ruan/ti/pdk_am335x_1_0_9/packages/ti/drv/gpio/test/led_blink/am335x/armv7/bios/src/sysbios/sysbios.aa8fg(knl_Task.o)
                0x0000000080007c30                ti_sysbios_knl_Task_Instance_finalize__E
 .text.ti_sysbios_knl_Task_getHookContext__E
                0x0000000080007e7c        0xc /home/ruan/ti/pdk_am335x_1_0_9/packages/ti/drv/gpio/test/led_blink/am335x/armv7/bios/src/sysbios/sysbios.aa8fg(knl_Task.o)
                0x0000000080007e7c                ti_sysbios_knl_Task_getHookContext__E
 .text.ti_sysbios_knl_Task_setHookContext__E
                0x0000000080007e88        0xc /home/ruan/ti/pdk_am335x_1_0_9/packages/ti/drv/gpio/test/led_blink/am335x/armv7/bios/src/sysbios/sysbios.aa8fg(knl_Task.o)
                0x0000000080007e88                ti_sysbios_knl_Task_setHookContext__E
 .text.ti_sysbios_knl_Task_getPri__E
                0x0000000080007e94        0x8 /home/ruan/ti/pdk_am335x_1_0_9/packages/ti/drv/gpio/test/led_blink/am335x/armv7/bios/src/sysbios/sysbios.aa8fg(knl_Task.o)
                0x0000000080007e94                ti_sysbios_knl_Task_getPri__E
 .text.ti_sysbios_knl_Task_blockI__E
                0x0000000080007e9c       0x6c /home/ruan/ti/pdk_am335x_1_0_9/packages/ti/drv/gpio/test/led_blink/am335x/armv7/bios/src/sysbios/sysbios.aa8fg(knl_Task.o)
                0x0000000080007e9c                ti_sysbios_knl_Task_blockI__E
 .text.ti_sysbios_knl_Task_unblockI__E
                0x0000000080007f08       0x90 /home/ruan/ti/pdk_am335x_1_0_9/packages/ti/drv/gpio/test/led_blink/am335x/armv7/bios/src/sysbios/sysbios.aa8fg(knl_Task.o)
                0x0000000080007f08                ti_sysbios_knl_Task_unblockI__E
 .text.ti_sysbios_hal_Hwi_Module_startup__E
                0x0000000080007f98       0x18 /home/ruan/ti/pdk_am335x_1_0_9/packages/ti/drv/gpio/test/led_blink/am335x/armv7/bios/src/sysbios/sysbios.aa8fg(hal_Hwi.o)
                0x0000000080007f98                ti_sysbios_hal_Hwi_Module_startup__E
 .text.ti_sysbios_hal_Hwi_disableInterrupt__E
                0x0000000080007fb0        0x4 /home/ruan/ti/pdk_am335x_1_0_9/packages/ti/drv/gpio/test/led_blink/am335x/armv7/bios/src/sysbios/sysbios.aa8fg(hal_Hwi.o)
                0x0000000080007fb0                ti_sysbios_hal_Hwi_disableInterrupt__E
 .text.ti_sysbios_hal_Hwi_enableInterrupt__E
                0x0000000080007fb4        0x4 /home/ruan/ti/pdk_am335x_1_0_9/packages/ti/drv/gpio/test/led_blink/am335x/armv7/bios/src/sysbios/sysbios.aa8fg(hal_Hwi.o)
                0x0000000080007fb4                ti_sysbios_hal_Hwi_enableInterrupt__E
 .text.ti_sysbios_hal_Hwi_clearInterrupt__E
                0x0000000080007fb8        0x4 /home/ruan/ti/pdk_am335x_1_0_9/packages/ti/drv/gpio/test/led_blink/am335x/armv7/bios/src/sysbios/sysbios.aa8fg(hal_Hwi.o)
                0x0000000080007fb8                ti_sysbios_hal_Hwi_clearInterrupt__E
 .text.ti_sysbios_hal_Hwi_getStackInfo__E
                0x0000000080007fbc        0x4 /home/ruan/ti/pdk_am335x_1_0_9/packages/ti/drv/gpio/test/led_blink/am335x/armv7/bios/src/sysbios/sysbios.aa8fg(hal_Hwi.o)
                0x0000000080007fbc                ti_sysbios_hal_Hwi_getStackInfo__E
 .text.ti_sysbios_hal_Hwi_switchFromBootStack__E
                0x0000000080007fc0        0x4 /home/ruan/ti/pdk_am335x_1_0_9/packages/ti/drv/gpio/test/led_blink/am335x/armv7/bios/src/sysbios/sysbios.aa8fg(hal_Hwi.o)
                0x0000000080007fc0                ti_sysbios_hal_Hwi_switchFromBootStack__E
 .text.ti_sysbios_hal_Hwi_initStack
                0x0000000080007fc4       0x3c /home/ruan/ti/pdk_am335x_1_0_9/packages/ti/drv/gpio/test/led_blink/am335x/armv7/bios/src/sysbios/sysbios.aa8fg(hal_Hwi_stack.o)
                0x0000000080007fc4                ti_sysbios_hal_Hwi_initStack
 .text.ti_sysbios_hal_Hwi_checkStack
                0x0000000080008000       0x5c /home/ruan/ti/pdk_am335x_1_0_9/packages/ti/drv/gpio/test/led_blink/am335x/armv7/bios/src/sysbios/sysbios.aa8fg(hal_Hwi_stack.o)
                0x0000000080008000                ti_sysbios_hal_Hwi_checkStack
 .text.ti_sysbios_hal_Hwi_startup__E
                0x000000008000805c        0x4 /home/ruan/ti/pdk_am335x_1_0_9/packages/ti/drv/gpio/test/led_blink/am335x/armv7/bios/src/sysbios/sysbios.aa8fg(hal_Hwi_startup.o)
                0x000000008000805c                ti_sysbios_hal_Hwi_startup__E
 .text.ti_sysbios_hal_Timer_Module_startup__E
                0x0000000080008060       0x18 /home/ruan/ti/pdk_am335x_1_0_9/packages/ti/drv/gpio/test/led_blink/am335x/armv7/bios/src/sysbios/sysbios.aa8fg(hal_Timer.o)
                0x0000000080008060                ti_sysbios_hal_Timer_Module_startup__E
 .text.ti_sysbios_heaps_HeapMem_init__I
                0x0000000080008078       0x68 /home/ruan/ti/pdk_am335x_1_0_9/packages/ti/drv/gpio/test/led_blink/am335x/armv7/bios/src/sysbios/sysbios.aa8fg(heaps_HeapMem.o)
                0x0000000080008078                ti_sysbios_heaps_HeapMem_init(int0_t)
 .text.ti_sysbios_heaps_HeapMem_Instance_init__E
                0x00000000800080e0       0x74 /home/ruan/ti/pdk_am335x_1_0_9/packages/ti/drv/gpio/test/led_blink/am335x/armv7/bios/src/sysbios/sysbios.aa8fg(heaps_HeapMem.o)
                0x00000000800080e0                ti_sysbios_heaps_HeapMem_Instance_init__E
 .text.ti_sysbios_heaps_HeapMem_alloc__E
                0x0000000080008154      0x164 /home/ruan/ti/pdk_am335x_1_0_9/packages/ti/drv/gpio/test/led_blink/am335x/armv7/bios/src/sysbios/sysbios.aa8fg(heaps_HeapMem.o)
                0x0000000080008154                ti_sysbios_heaps_HeapMem_alloc__E
 .text.ti_sysbios_heaps_HeapMem_free__E
                0x00000000800082b8       0xec /home/ruan/ti/pdk_am335x_1_0_9/packages/ti/drv/gpio/test/led_blink/am335x/armv7/bios/src/sysbios/sysbios.aa8fg(heaps_HeapMem.o)
                0x00000000800082b8                ti_sysbios_heaps_HeapMem_free__E
 .text.ti_sysbios_heaps_HeapMem_isBlocking__E
                0x00000000800083a4        0x8 /home/ruan/ti/pdk_am335x_1_0_9/packages/ti/drv/gpio/test/led_blink/am335x/armv7/bios/src/sysbios/sysbios.aa8fg(heaps_HeapMem.o)
                0x00000000800083a4                ti_sysbios_heaps_HeapMem_isBlocking__E
 .text.ti_sysbios_heaps_HeapMem_getStats__E
                0x00000000800083ac       0x74 /home/ruan/ti/pdk_am335x_1_0_9/packages/ti/drv/gpio/test/led_blink/am335x/armv7/bios/src/sysbios/sysbios.aa8fg(heaps_HeapMem.o)
                0x00000000800083ac                ti_sysbios_heaps_HeapMem_getStats__E
 .text.ti_sysbios_rts_gnu_ReentSupport_Module_startup__E
                0x0000000080008420       0x40 /home/ruan/ti/pdk_am335x_1_0_9/packages/ti/drv/gpio/test/led_blink/am335x/armv7/bios/src/sysbios/sysbios.aa8fg(gnu_ReentSupport.o)
                0x0000000080008420                ti_sysbios_rts_gnu_ReentSupport_Module_startup__E
 .text.ti_sysbios_rts_gnu_ReentSupport_taskRegHook__I
                0x0000000080008460       0x10 /home/ruan/ti/pdk_am335x_1_0_9/packages/ti/drv/gpio/test/led_blink/am335x/armv7/bios/src/sysbios/sysbios.aa8fg(gnu_ReentSupport.o)
                0x0000000080008460                ti_sysbios_rts_gnu_ReentSupport_taskRegHook(int0_t)
 .text.ti_sysbios_rts_gnu_ReentSupport_taskDeleteHook__I
                0x0000000080008470       0x3c /home/ruan/ti/pdk_am335x_1_0_9/packages/ti/drv/gpio/test/led_blink/am335x/armv7/bios/src/sysbios/sysbios.aa8fg(gnu_ReentSupport.o)
                0x0000000080008470                ti_sysbios_rts_gnu_ReentSupport_taskDeleteHook(int0_t)
 .text.ti_sysbios_rts_gnu_ReentSupport_getReent__I
                0x00000000800084ac       0xb0 /home/ruan/ti/pdk_am335x_1_0_9/packages/ti/drv/gpio/test/led_blink/am335x/armv7/bios/src/sysbios/sysbios.aa8fg(gnu_ReentSupport.o)
                0x00000000800084ac                ti_sysbios_rts_gnu_ReentSupport_getReent(int0_t)
 .text.ti_sysbios_rts_gnu_SemiHostSupport_startup__I
                0x000000008000855c        0x4 /home/ruan/ti/pdk_am335x_1_0_9/packages/ti/drv/gpio/test/led_blink/am335x/armv7/bios/src/sysbios/sysbios.aa8fg(gnu_SemiHostSupport.o)
                0x000000008000855c                ti_sysbios_rts_gnu_SemiHostSupport_startup(int0_t)
 .text.ti_sysbios_family_arm_a8_Cache_startup__I
                0x0000000080008560      0x174 /home/ruan/ti/pdk_am335x_1_0_9/packages/ti/drv/gpio/test/led_blink/am335x/armv7/bios/src/sysbios/sysbios.aa8fg(a8_Cache.o)
                0x0000000080008560                ti_sysbios_family_arm_a8_Cache_startup(int0_t)
 .text.ti_sysbios_family_arm_a8_Cache_disable__E
                0x00000000800086d4       0xa0 /home/ruan/ti/pdk_am335x_1_0_9/packages/ti/drv/gpio/test/led_blink/am335x/armv7/bios/src/sysbios/sysbios.aa8fg(a8_Cache.o)
                0x00000000800086d4                ti_sysbios_family_arm_a8_Cache_disable__E
 .text.ti_sysbios_family_arm_a8_Cache_enable__E
                0x0000000080008774       0x48 /home/ruan/ti/pdk_am335x_1_0_9/packages/ti/drv/gpio/test/led_blink/am335x/armv7/bios/src/sysbios/sysbios.aa8fg(a8_Cache.o)
                0x0000000080008774                ti_sysbios_family_arm_a8_Cache_enable__E
 .text.ti_sysbios_family_arm_a8_Mmu_Module_startup__E
                0x00000000800087bc       0xd8 /home/ruan/ti/pdk_am335x_1_0_9/packages/ti/drv/gpio/test/led_blink/am335x/armv7/bios/src/sysbios/sysbios.aa8fg(a8_Mmu.o)
                0x00000000800087bc                ti_sysbios_family_arm_a8_Mmu_Module_startup__E
 .text.ti_sysbios_family_arm_a8_Mmu_disable__E
                0x0000000080008894       0x3c /home/ruan/ti/pdk_am335x_1_0_9/packages/ti/drv/gpio/test/led_blink/am335x/armv7/bios/src/sysbios/sysbios.aa8fg(a8_Mmu.o)
                0x0000000080008894                ti_sysbios_family_arm_a8_Mmu_disable__E
 .text.ti_sysbios_family_arm_a8_TimestampProvider_Module_startup__E
                0x00000000800088d0       0x10 /home/ruan/ti/pdk_am335x_1_0_9/packages/ti/drv/gpio/test/led_blink/am335x/armv7/bios/src/sysbios/sysbios.aa8fg(a8_TimestampProvider.o)